Archive member included to satisfy reference by file (symbol)

g:/stm32/stm32cubeide_1.7.0/stm32cubeide/plugins/com.st.stm32cube.ide.mcu.externaltools.gnu-tools-for-stm32.9-2020-q2-update.win32_2.0.0.202105311346/tools/bin/../lib/gcc/arm-none-eabi/9.3.1/../../../../arm-none-eabi/lib/thumb/v7e-m+fp/hard\libc_nano.a(lib_a-errno.o)
                              ./Core/Src/syscalls.o (__errno)
g:/stm32/stm32cubeide_1.7.0/stm32cubeide/plugins/com.st.stm32cube.ide.mcu.externaltools.gnu-tools-for-stm32.9-2020-q2-update.win32_2.0.0.202105311346/tools/bin/../lib/gcc/arm-none-eabi/9.3.1/../../../../arm-none-eabi/lib/thumb/v7e-m+fp/hard\libc_nano.a(lib_a-exit.o)
                              g:/stm32/stm32cubeide_1.7.0/stm32cubeide/plugins/com.st.stm32cube.ide.mcu.externaltools.gnu-tools-for-stm32.9-2020-q2-update.win32_2.0.0.202105311346/tools/bin/../lib/gcc/arm-none-eabi/9.3.1/../../../../arm-none-eabi/lib/thumb/v7e-m+fp/hard/crt0.o (exit)
g:/stm32/stm32cubeide_1.7.0/stm32cubeide/plugins/com.st.stm32cube.ide.mcu.externaltools.gnu-tools-for-stm32.9-2020-q2-update.win32_2.0.0.202105311346/tools/bin/../lib/gcc/arm-none-eabi/9.3.1/../../../../arm-none-eabi/lib/thumb/v7e-m+fp/hard\libc_nano.a(lib_a-impure.o)
                              g:/stm32/stm32cubeide_1.7.0/stm32cubeide/plugins/com.st.stm32cube.ide.mcu.externaltools.gnu-tools-for-stm32.9-2020-q2-update.win32_2.0.0.202105311346/tools/bin/../lib/gcc/arm-none-eabi/9.3.1/../../../../arm-none-eabi/lib/thumb/v7e-m+fp/hard\libc_nano.a(lib_a-exit.o) (_global_impure_ptr)
g:/stm32/stm32cubeide_1.7.0/stm32cubeide/plugins/com.st.stm32cube.ide.mcu.externaltools.gnu-tools-for-stm32.9-2020-q2-update.win32_2.0.0.202105311346/tools/bin/../lib/gcc/arm-none-eabi/9.3.1/../../../../arm-none-eabi/lib/thumb/v7e-m+fp/hard\libc_nano.a(lib_a-init.o)
                              g:/stm32/stm32cubeide_1.7.0/stm32cubeide/plugins/com.st.stm32cube.ide.mcu.externaltools.gnu-tools-for-stm32.9-2020-q2-update.win32_2.0.0.202105311346/tools/bin/../lib/gcc/arm-none-eabi/9.3.1/../../../../arm-none-eabi/lib/thumb/v7e-m+fp/hard/crt0.o (__libc_init_array)
g:/stm32/stm32cubeide_1.7.0/stm32cubeide/plugins/com.st.stm32cube.ide.mcu.externaltools.gnu-tools-for-stm32.9-2020-q2-update.win32_2.0.0.202105311346/tools/bin/../lib/gcc/arm-none-eabi/9.3.1/../../../../arm-none-eabi/lib/thumb/v7e-m+fp/hard\libc_nano.a(lib_a-memset.o)
                              g:/stm32/stm32cubeide_1.7.0/stm32cubeide/plugins/com.st.stm32cube.ide.mcu.externaltools.gnu-tools-for-stm32.9-2020-q2-update.win32_2.0.0.202105311346/tools/bin/../lib/gcc/arm-none-eabi/9.3.1/../../../../arm-none-eabi/lib/thumb/v7e-m+fp/hard/crt0.o (memset)
g:/stm32/stm32cubeide_1.7.0/stm32cubeide/plugins/com.st.stm32cube.ide.mcu.externaltools.gnu-tools-for-stm32.9-2020-q2-update.win32_2.0.0.202105311346/tools/bin/../lib/gcc/arm-none-eabi/9.3.1/../../../../arm-none-eabi/lib/thumb/v7e-m+fp/hard\libc_nano.a(lib_a-sprintf.o)
                              ./Core/Src/main.o (sprintf)
g:/stm32/stm32cubeide_1.7.0/stm32cubeide/plugins/com.st.stm32cube.ide.mcu.externaltools.gnu-tools-for-stm32.9-2020-q2-update.win32_2.0.0.202105311346/tools/bin/../lib/gcc/arm-none-eabi/9.3.1/../../../../arm-none-eabi/lib/thumb/v7e-m+fp/hard\libc_nano.a(lib_a-nano-svfprintf.o)
                              g:/stm32/stm32cubeide_1.7.0/stm32cubeide/plugins/com.st.stm32cube.ide.mcu.externaltools.gnu-tools-for-stm32.9-2020-q2-update.win32_2.0.0.202105311346/tools/bin/../lib/gcc/arm-none-eabi/9.3.1/../../../../arm-none-eabi/lib/thumb/v7e-m+fp/hard\libc_nano.a(lib_a-sprintf.o) (_svfprintf_r)
g:/stm32/stm32cubeide_1.7.0/stm32cubeide/plugins/com.st.stm32cube.ide.mcu.externaltools.gnu-tools-for-stm32.9-2020-q2-update.win32_2.0.0.202105311346/tools/bin/../lib/gcc/arm-none-eabi/9.3.1/../../../../arm-none-eabi/lib/thumb/v7e-m+fp/hard\libc_nano.a(lib_a-nano-vfprintf_i.o)
                              g:/stm32/stm32cubeide_1.7.0/stm32cubeide/plugins/com.st.stm32cube.ide.mcu.externaltools.gnu-tools-for-stm32.9-2020-q2-update.win32_2.0.0.202105311346/tools/bin/../lib/gcc/arm-none-eabi/9.3.1/../../../../arm-none-eabi/lib/thumb/v7e-m+fp/hard\libc_nano.a(lib_a-nano-svfprintf.o) (_printf_i)
g:/stm32/stm32cubeide_1.7.0/stm32cubeide/plugins/com.st.stm32cube.ide.mcu.externaltools.gnu-tools-for-stm32.9-2020-q2-update.win32_2.0.0.202105311346/tools/bin/../lib/gcc/arm-none-eabi/9.3.1/../../../../arm-none-eabi/lib/thumb/v7e-m+fp/hard\libc_nano.a(lib_a-memchr.o)
                              g:/stm32/stm32cubeide_1.7.0/stm32cubeide/plugins/com.st.stm32cube.ide.mcu.externaltools.gnu-tools-for-stm32.9-2020-q2-update.win32_2.0.0.202105311346/tools/bin/../lib/gcc/arm-none-eabi/9.3.1/../../../../arm-none-eabi/lib/thumb/v7e-m+fp/hard\libc_nano.a(lib_a-nano-svfprintf.o) (memchr)
[...]
Memory Configuration

Name             Origin             Length             Attributes
RAM              0x0000000020000000 0x0000000000018000 xrw
RAM2             0x0000000010000000 0x0000000000008000 xrw
FLASH            0x0000000008000000 0x0000000000100000 xr
*default*        0x0000000000000000 0xffffffffffffffff

Linker script and memory map

LOAD g:/stm32/stm32cubeide_1.7.0/stm32cubeide/plugins/com.st.stm32cube.ide.mcu.externaltools.gnu-tools-for-stm32.9-2020-q2-update.win32_2.0.0.202105311346/tools/bin/../lib/gcc/arm-none-eabi/9.3.1/thumb/v7e-m+fp/hard/crti.o
LOAD g:/stm32/stm32cubeide_1.7.0/stm32cubeide/plugins/com.st.stm32cube.ide.mcu.externaltools.gnu-tools-for-stm32.9-2020-q2-update.win32_2.0.0.202105311346/tools/bin/../lib/gcc/arm-none-eabi/9.3.1/thumb/v7e-m+fp/hard/crtbegin.o
LOAD g:/stm32/stm32cubeide_1.7.0/stm32cubeide/plugins/com.st.stm32cube.ide.mcu.externaltools.gnu-tools-for-stm32.9-2020-q2-update.win32_2.0.0.202105311346/tools/bin/../lib/gcc/arm-none-eabi/9.3.1/../../../../arm-none-eabi/lib/thumb/v7e-m+fp/hard/crt0.o
LOAD ./Core/Src/BH1750.o
LOAD ./Core/Src/DHT11.o
LOAD ./Core/Src/NRF24L01.o
LOAD ./Core/Src/bmpxx80.o
LOAD ./Core/Src/dwt_stm32_delay.o
LOAD ./Core/Src/gpio.o
LOAD ./Core/Src/i2c.o
LOAD ./Core/Src/main.o
LOAD ./Core/Src/nrf24.o
LOAD ./Core/Src/spi.o
LOAD ./Core/Src/stm32l4xx_hal_msp.o
LOAD ./Core/Src/stm32l4xx_it.o
LOAD ./Core/Src/syscalls.o
LOAD ./Core/Src/sysmem.o
LOAD ./Core/Src/system_stm32l4xx.o
LOAD ./Core/Src/usart.o
LOAD ./Core/Startup/startup_stm32l476vgtx.o
LOAD ./Drivers/STM32L4xx_HAL_Driver/Src/stm32l4xx_hal.o
LOAD ./Drivers/STM32L4xx_HAL_Driver/Src/stm32l4xx_hal_cortex.o
LOAD ./Drivers/STM32L4xx_HAL_Driver/Src/stm32l4xx_hal_dma.o
LOAD ./Drivers/STM32L4xx_HAL_Driver/Src/stm32l4xx_hal_dma_ex.o
LOAD ./Drivers/STM32L4xx_HAL_Driver/Src/stm32l4xx_hal_exti.o
LOAD ./Drivers/STM32L4xx_HAL_Driver/Src/stm32l4xx_hal_flash.o
LOAD ./Drivers/STM32L4xx_HAL_Driver/Src/stm32l4xx_hal_flash_ex.o
LOAD ./Drivers/STM32L4xx_HAL_Driver/Src/stm32l4xx_hal_flash_ramfunc.o
LOAD ./Drivers/STM32L4xx_HAL_Driver/Src/stm32l4xx_hal_gpio.o
LOAD ./Drivers/STM32L4xx_HAL_Driver/Src/stm32l4xx_hal_i2c.o
LOAD ./Drivers/STM32L4xx_HAL_Driver/Src/stm32l4xx_hal_i2c_ex.o
LOAD ./Drivers/STM32L4xx_HAL_Driver/Src/stm32l4xx_hal_pwr.o
LOAD ./Drivers/STM32L4xx_HAL_Driver/Src/stm32l4xx_hal_pwr_ex.o
LOAD ./Drivers/STM32L4xx_HAL_Driver/Src/stm32l4xx_hal_rcc.o
LOAD ./Drivers/STM32L4xx_HAL_Driver/Src/stm32l4xx_hal_rcc_ex.o
LOAD ./Drivers/STM32L4xx_HAL_Driver/Src/stm32l4xx_hal_spi.o
LOAD ./Drivers/STM32L4xx_HAL_Driver/Src/stm32l4xx_hal_spi_ex.o
LOAD ./Drivers/STM32L4xx_HAL_Driver/Src/stm32l4xx_hal_tim.o
LOAD ./Drivers/STM32L4xx_HAL_Driver/Src/stm32l4xx_hal_tim_ex.o
LOAD ./Drivers/STM32L4xx_HAL_Driver/Src/stm32l4xx_hal_uart.o
LOAD ./Drivers/STM32L4xx_HAL_Driver/Src/stm32l4xx_hal_uart_ex.o
START GROUP
LOAD g:/stm32/stm32cubeide_1.7.0/stm32cubeide/plugins/com.st.stm32cube.ide.mcu.externaltools.gnu-tools-for-stm32.9-2020-q2-update.win32_2.0.0.202105311346/tools/bin/../lib/gcc/arm-none-eabi/9.3.1/../../../../arm-none-eabi/lib/thumb/v7e-m+fp/hard\libc_nano.a
LOAD g:/stm32/stm32cubeide_1.7.0/stm32cubeide/plugins/com.st.stm32cube.ide.mcu.externaltools.gnu-tools-for-stm32.9-2020-q2-update.win32_2.0.0.202105311346/tools/bin/../lib/gcc/arm-none-eabi/9.3.1/../../../../arm-none-eabi/lib/thumb/v7e-m+fp/hard\libm.a
END GROUP
START GROUP
LOAD g:/stm32/stm32cubeide_1.7.0/stm32cubeide/plugins/com.st.stm32cube.ide.mcu.externaltools.gnu-tools-for-stm32.9-2020-q2-update.win32_2.0.0.202105311346/tools/bin/../lib/gcc/arm-none-eabi/9.3.1/thumb/v7e-m+fp/hard\libgcc.a
LOAD g:/stm32/stm32cubeide_1.7.0/stm32cubeide/plugins/com.st.stm32cube.ide.mcu.externaltools.gnu-tools-for-stm32.9-2020-q2-update.win32_2.0.0.202105311346/tools/bin/../lib/gcc/arm-none-eabi/9.3.1/../../../../arm-none-eabi/lib/thumb/v7e-m+fp/hard\libc_nano.a
END GROUP
START GROUP
LOAD g:/stm32/stm32cubeide_1.7.0/stm32cubeide/plugins/com.st.stm32cube.ide.mcu.externaltools.gnu-tools-for-stm32.9-2020-q2-update.win32_2.0.0.202105311346/tools/bin/../lib/gcc/arm-none-eabi/9.3.1/thumb/v7e-m+fp/hard\libgcc.a
LOAD g:/stm32/stm32cubeide_1.7.0/stm32cubeide/plugins/com.st.stm32cube.ide.mcu.externaltools.gnu-tools-for-stm32.9-2020-q2-update.win32_2.0.0.202105311346/tools/bin/../lib/gcc/arm-none-eabi/9.3.1/../../../../arm-none-eabi/lib/thumb/v7e-m+fp/hard\libc_nano.a
LOAD g:/stm32/stm32cubeide_1.7.0/stm32cubeide/plugins/com.st.stm32cube.ide.mcu.externaltools.gnu-tools-for-stm32.9-2020-q2-update.win32_2.0.0.202105311346/tools/bin/../lib/gcc/arm-none-eabi/9.3.1/../../../../arm-none-eabi/lib/thumb/v7e-m+fp/hard\libnosys.a
END GROUP
START GROUP
LOAD g:/stm32/stm32cubeide_1.7.0/stm32cubeide/plugins/com.st.stm32cube.ide.mcu.externaltools.gnu-tools-for-stm32.9-2020-q2-update.win32_2.0.0.202105311346/tools/bin/../lib/gcc/arm-none-eabi/9.3.1/thumb/v7e-m+fp/hard\libgcc.a
LOAD g:/stm32/stm32cubeide_1.7.0/stm32cubeide/plugins/com.st.stm32cube.ide.mcu.externaltools.gnu-tools-for-stm32.9-2020-q2-update.win32_2.0.0.202105311346/tools/bin/../lib/gcc/arm-none-eabi/9.3.1/../../../../arm-none-eabi/lib/thumb/v7e-m+fp/hard\libc_nano.a
LOAD g:/stm32/stm32cubeide_1.7.0/stm32cubeide/plugins/com.st.stm32cube.ide.mcu.externaltools.gnu-tools-for-stm32.9-2020-q2-update.win32_2.0.0.202105311346/tools/bin/../lib/gcc/arm-none-eabi/9.3.1/../../../../arm-none-eabi/lib/thumb/v7e-m+fp/hard\libnosys.a
END GROUP
LOAD g:/stm32/stm32cubeide_1.7.0/stm32cubeide/plugins/com.st.stm32cube.ide.mcu.externaltools.gnu-tools-for-stm32.9-2020-q2-update.win32_2.0.0.202105311346/tools/bin/../lib/gcc/arm-none-eabi/9.3.1/thumb/v7e-m+fp/hard/crtend.o
LOAD g:/stm32/stm32cubeide_1.7.0/stm32cubeide/plugins/com.st.stm32cube.ide.mcu.externaltools.gnu-tools-for-stm32.9-2020-q2-update.win32_2.0.0.202105311346/tools/bin/../lib/gcc/arm-none-eabi/9.3.1/thumb/v7e-m+fp/hard/crtn.o
                0x0000000020018000                _estack = (ORIGIN (RAM) + LENGTH (RAM))
                0x0000000000000200                _Min_Heap_Size = 0x200
                0x0000000000000400                _Min_Stack_Size = 0x400

.isr_vector     0x0000000008000000      0x188
                0x0000000008000000                . = ALIGN (0x4)
 *(.isr_vector)
 .isr_vector    0x0000000008000000      0x188 ./Core/Startup/startup_stm32l476vgtx.o
                0x0000000008000000                g_pfnVectors
                0x0000000008000188                . = ALIGN (0x4)

.text           0x0000000008000190     0x7234
                0x0000000008000190                . = ALIGN (0x4)
 *(.text)
 .text          0x0000000008000190       0x40 g:/stm32/stm32cubeide_1.7.0/stm32cubeide/plugins/com.st.stm32cube.ide.mcu.externaltools.gnu-tools-for-stm32.9-2020-q2-update.win32_2.0.0.202105311346/tools/bin/../lib/gcc/arm-none-eabi/9.3.1/thumb/v7e-m+fp/hard/crtbegin.o
 .text          0x00000000080001d0       0xa0 g:/stm32/stm32cubeide_1.7.0/stm32cubeide/plugins/com.st.stm32cube.ide.mcu.externaltools.gnu-tools-for-stm32.9-2020-q2-update.win32_2.0.0.202105311346/tools/bin/../lib/gcc/arm-none-eabi/9.3.1/../../../../arm-none-eabi/lib/thumb/v7e-m+fp/hard\libc_nano.a(lib_a-memchr.o)
                0x00000000080001d0                memchr
 .text          0x0000000008000270      0x378 g:/stm32/stm32cubeide_1.7.0/stm32cubeide/plugins/com.st.stm32cube.ide.mcu.externaltools.gnu-tools-for-stm32.9-2020-q2-update.win32_2.0.0.202105311346/tools/bin/../lib/gcc/arm-none-eabi/9.3.1/thumb/v7e-m+fp/hard\libgcc.a(_arm_addsubdf3.o)
                0x0000000008000270                __aeabi_drsub
                0x0000000008000278                __aeabi_dsub
                0x0000000008000278                __subdf3
                0x000000000800027c                __aeabi_dadd
                0x000000000800027c                __adddf3
                0x00000000080004f4                __floatunsidf
                0x00000000080004f4                __aeabi_ui2d
                0x0000000008000514                __floatsidf
                0x0000000008000514                __aeabi_i2d
                0x0000000008000538                __aeabi_f2d
                0x0000000008000538                __extendsfdf2
                0x000000000800057c                __floatundidf
                0x000000000800057c                __aeabi_ul2d
                0x000000000800058c                __floatdidf
                0x000000000800058c                __aeabi_l2d
 .text          0x00000000080005e8      0x424 g:/stm32/stm32cubeide_1.7.0/stm32cubeide/plugins/com.st.stm32cube.ide.mcu.externaltools.gnu-tools-for-stm32.9-2020-q2-update.win32_2.0.0.202105311346/tools/bin/../lib/gcc/arm-none-eabi/9.3.1/thumb/v7e-m+fp/hard\libgcc.a(_arm_muldivdf3.o)
                0x00000000080005e8                __aeabi_dmul
                0x00000000080005e8                __muldf3
                0x000000000800083c                __divdf3
                0x000000000800083c                __aeabi_ddiv
 .text          0x0000000008000a0c       0x40 g:/stm32/stm32cubeide_1.7.0/stm32cubeide/plugins/com.st.stm32cube.ide.mcu.externaltools.gnu-tools-for-stm32.9-2020-q2-update.win32_2.0.0.202105311346/tools/bin/../lib/gcc/arm-none-eabi/9.3.1/thumb/v7e-m+fp/hard\libgcc.a(_arm_fixunsdfsi.o)
                0x0000000008000a0c                __aeabi_d2uiz
                0x0000000008000a0c                __fixunsdfsi
 .text          0x0000000008000a4c       0xa0 g:/stm32/stm32cubeide_1.7.0/stm32cubeide/plugins/com.st.stm32cube.ide.mcu.externaltools.gnu-tools-for-stm32.9-2020-q2-update.win32_2.0.0.202105311346/tools/bin/../lib/gcc/arm-none-eabi/9.3.1/thumb/v7e-m+fp/hard\libgcc.a(_aeabi_ldivmod.o)
                0x0000000008000a4c                __aeabi_ldivmod
 .text          0x0000000008000aec       0x30 g:/stm32/stm32cubeide_1.7.0/stm32cubeide/plugins/com.st.stm32cube.ide.mcu.externaltools.gnu-tools-for-stm32.9-2020-q2-update.win32_2.0.0.202105311346/tools/bin/../lib/gcc/arm-none-eabi/9.3.1/thumb/v7e-m+fp/hard\libgcc.a(_aeabi_uldivmod.o)
                0x0000000008000aec                __aeabi_uldivmod
 .text          0x0000000008000b1c      0x2c4 g:/stm32/stm32cubeide_1.7.0/stm32cubeide/plugins/com.st.stm32cube.ide.mcu.externaltools.gnu-tools-for-stm32.9-2020-q2-update.win32_2.0.0.202105311346/tools/bin/../lib/gcc/arm-none-eabi/9.3.1/thumb/v7e-m+fp/hard\libgcc.a(_udivmoddi4.o)
                0x0000000008000b1c                __udivmoddi4
 .text          0x0000000008000de0        0x4 g:/stm32/stm32cubeide_1.7.0/stm32cubeide/plugins/com.st.stm32cube.ide.mcu.externaltools.gnu-tools-for-stm32.9-2020-q2-update.win32_2.0.0.202105311346/tools/bin/../lib/gcc/arm-none-eabi/9.3.1/thumb/v7e-m+fp/hard\libgcc.a(_dvmd_tls.o)
                0x0000000008000de0                __aeabi_idiv0
                0x0000000008000de0                __aeabi_ldiv0
 *(.text*)
 .text.BH1750_Init
                0x0000000008000de4       0x38 ./Core/Src/BH1750.o
                0x0000000008000de4                BH1750_Init
 .text.BH1750_Reset
                0x0000000008000e1c       0x34 ./Core/Src/BH1750.o
                0x0000000008000e1c                BH1750_Reset
 .text.BH1750_SetMode
                0x0000000008000e50       0x64 ./Core/Src/BH1750.o
                0x0000000008000e50                BH1750_SetMode
 .text.BH1750_SetMtreg
                0x0000000008000eb4       0x9c ./Core/Src/BH1750.o
                0x0000000008000eb4                BH1750_SetMtreg
 .text.BH1750_ReadLight
                0x0000000008000f50       0x9c ./Core/Src/BH1750.o
                0x0000000008000f50                BH1750_ReadLight
 .text.DWT_Delay_us
                0x0000000008000fec       0x48 ./Core/Src/DHT11.o
 .text.Set_Pin_Output
                0x0000000008001034       0x3c ./Core/Src/DHT11.o
                0x0000000008001034                Set_Pin_Output
 .text.Set_Pin_Input
                0x0000000008001070       0x3c ./Core/Src/DHT11.o
                0x0000000008001070                Set_Pin_Input
 .text.DHT11_Start
                0x00000000080010ac       0x40 ./Core/Src/DHT11.o
                0x00000000080010ac                DHT11_Start
 .text.DHT11_Check_Response
                0x00000000080010ec       0x5c ./Core/Src/DHT11.o
                0x00000000080010ec                DHT11_Check_Response
 .text.DHT11_Read
                0x0000000008001148       0x90 ./Core/Src/DHT11.o
                0x0000000008001148                DHT11_Read
 .text.DHT11_TempAndHumidity
                0x00000000080011d8       0x8c ./Core/Src/DHT11.o
                0x00000000080011d8                DHT11_TempAndHumidity
 .text.CS_Select
                0x0000000008001264       0x18 ./Core/Src/NRF24L01.o
                0x0000000008001264                CS_Select
 .text.CS_UnSelect
                0x000000000800127c       0x18 ./Core/Src/NRF24L01.o
                0x000000000800127c                CS_UnSelect
 .text.CE_Enable
                0x0000000008001294       0x18 ./Core/Src/NRF24L01.o
                0x0000000008001294                CE_Enable
 .text.CE_Disable
                0x00000000080012ac       0x18 ./Core/Src/NRF24L01.o
                0x00000000080012ac                CE_Disable
 .text.nrf24_WriteReg
                0x00000000080012c4       0x44 ./Core/Src/NRF24L01.o
                0x00000000080012c4                nrf24_WriteReg
 .text.nrf24_WriteRegMulti
                0x0000000008001308       0x4c ./Core/Src/NRF24L01.o
                0x0000000008001308                nrf24_WriteRegMulti
 .text.nrf24_ReadReg
                0x0000000008001354       0x40 ./Core/Src/NRF24L01.o
                0x0000000008001354                nrf24_ReadReg
 .text.nrf24_reset
                0x0000000008001394      0x14c ./Core/Src/NRF24L01.o
                0x0000000008001394                nrf24_reset
 .text.NRF24_Init
                0x00000000080014e0       0x4e ./Core/Src/NRF24L01.o
                0x00000000080014e0                NRF24_Init
 .text.NRF24_TxMode
                0x000000000800152e       0x4c ./Core/Src/NRF24L01.o
                0x000000000800152e                NRF24_TxMode
 *fill*         0x000000000800157a        0x2 
 .text.BMP280_Read8
                0x000000000800157c       0x3c ./Core/Src/bmpxx80.o
                0x000000000800157c                BMP280_Read8
 .text.BMP280_Read16
                0x00000000080015b8       0x44 ./Core/Src/bmpxx80.o
                0x00000000080015b8                BMP280_Read16
 .text.BMP280_Read16LE
                0x00000000080015fc       0x32 ./Core/Src/bmpxx80.o
                0x00000000080015fc                BMP280_Read16LE
 *fill*         0x000000000800162e        0x2 
 .text.BMP280_Write8
                0x0000000008001630       0x38 ./Core/Src/bmpxx80.o
                0x0000000008001630                BMP280_Write8
 .text.BMP280_Read24
                0x0000000008001668       0x44 ./Core/Src/bmpxx80.o
                0x0000000008001668                BMP280_Read24
 .text.BMP280_Init
                0x00000000080016ac      0x17c ./Core/Src/bmpxx80.o
                0x00000000080016ac                BMP280_Init
 .text.BMP280_ReadTemperature
                0x0000000008001828      0x118 ./Core/Src/bmpxx80.o
                0x0000000008001828                BMP280_ReadTemperature
 .text.BMP280_ReadPressure
                0x0000000008001940      0x3cc ./Core/Src/bmpxx80.o
                0x0000000008001940                BMP280_ReadPressure
 .text.DWT_Delay_Init
                0x0000000008001d0c       0x60 ./Core/Src/dwt_stm32_delay.o
                0x0000000008001d0c                DWT_Delay_Init
 .text.MX_GPIO_Init
                0x0000000008001d6c      0x1c0 ./Core/Src/gpio.o
                0x0000000008001d6c                MX_GPIO_Init
 .text.MX_I2C1_Init
                0x0000000008001f2c       0x7c ./Core/Src/i2c.o
                0x0000000008001f2c                MX_I2C1_Init
 .text.HAL_I2C_MspInit
                0x0000000008001fa8       0xbc ./Core/Src/i2c.o
                0x0000000008001fa8                HAL_I2C_MspInit
 .text.DWT_Delay_us
                0x0000000008002064       0x48 ./Core/Src/main.o
 .text.main     0x00000000080020ac       0xf8 ./Core/Src/main.o
                0x00000000080020ac                main
 .text.SystemClock_Config
                0x00000000080021a4       0xa4 ./Core/Src/main.o
                0x00000000080021a4                SystemClock_Config
 .text.Error_Handler
                0x0000000008002248        0xa ./Core/Src/main.o
                0x0000000008002248                Error_Handler
 *fill*         0x0000000008002252        0x2 
 .text.MX_SPI1_Init
                0x0000000008002254       0x7c ./Core/Src/spi.o
                0x0000000008002254                MX_SPI1_Init
 .text.HAL_SPI_MspInit
                0x00000000080022d0       0x88 ./Core/Src/spi.o
                0x00000000080022d0                HAL_SPI_MspInit
 .text.HAL_MspInit
                0x0000000008002358       0x48 ./Core/Src/stm32l4xx_hal_msp.o
                0x0000000008002358                HAL_MspInit
 .text.NMI_Handler
                0x00000000080023a0        0x6 ./Core/Src/stm32l4xx_it.o
                0x00000000080023a0                NMI_Handler
 .text.HardFault_Handler
                0x00000000080023a6        0x6 ./Core/Src/stm32l4xx_it.o
                0x00000000080023a6                HardFault_Handler
 .text.MemManage_Handler
                0x00000000080023ac        0x6 ./Core/Src/stm32l4xx_it.o
                0x00000000080023ac                MemManage_Handler
 .text.BusFault_Handler
                0x00000000080023b2        0x6 ./Core/Src/stm32l4xx_it.o
                0x00000000080023b2                BusFault_Handler
 .text.UsageFault_Handler
                0x00000000080023b8        0x6 ./Core/Src/stm32l4xx_it.o
                0x00000000080023b8                UsageFault_Handler
 .text.SVC_Handler
                0x00000000080023be        0xe ./Core/Src/stm32l4xx_it.o
                0x00000000080023be                SVC_Handler
 .text.DebugMon_Handler
                0x00000000080023cc        0xe ./Core/Src/stm32l4xx_it.o
                0x00000000080023cc                DebugMon_Handler
 .text.PendSV_Handler
                0x00000000080023da        0xe ./Core/Src/stm32l4xx_it.o
                0x00000000080023da                PendSV_Handler
 .text.SysTick_Handler
                0x00000000080023e8        0xc ./Core/Src/stm32l4xx_it.o
                0x00000000080023e8                SysTick_Handler
 .text._sbrk    0x00000000080023f4       0x6c ./Core/Src/sysmem.o
                0x00000000080023f4                _sbrk
 .text.SystemInit
                0x0000000008002460       0x64 ./Core/Src/system_stm32l4xx.o
                0x0000000008002460                SystemInit
 .text.MX_UART4_Init
                0x00000000080024c4       0x60 ./Core/Src/usart.o
                0x00000000080024c4                MX_UART4_Init
 .text.MX_USART2_UART_Init
                0x0000000008002524       0x60 ./Core/Src/usart.o
                0x0000000008002524                MX_USART2_UART_Init
 .text.HAL_UART_MspInit
                0x0000000008002584      0x144 ./Core/Src/usart.o
                0x0000000008002584                HAL_UART_MspInit
 .text.Reset_Handler
                0x00000000080026c8       0x50 ./Core/Startup/startup_stm32l476vgtx.o
                0x00000000080026c8                Reset_Handler
 .text.Default_Handler
                0x0000000008002718        0x2 ./Core/Startup/startup_stm32l476vgtx.o
                0x0000000008002718                RTC_Alarm_IRQHandler
                0x0000000008002718                EXTI2_IRQHandler
                0x0000000008002718                TIM8_TRG_COM_IRQHandler
                0x0000000008002718                TIM8_CC_IRQHandler
                0x0000000008002718                TIM1_CC_IRQHandler
                0x0000000008002718                TSC_IRQHandler
                0x0000000008002718                TAMP_STAMP_IRQHandler
                0x0000000008002718                EXTI3_IRQHandler
                0x0000000008002718                LPTIM2_IRQHandler
                0x0000000008002718                DFSDM1_FLT1_IRQHandler
                0x0000000008002718                I2C3_ER_IRQHandler
                0x0000000008002718                DFSDM1_FLT2_IRQHandler
                0x0000000008002718                EXTI0_IRQHandler
                0x0000000008002718                I2C2_EV_IRQHandler
                0x0000000008002718                CAN1_RX0_IRQHandler
                0x0000000008002718                FPU_IRQHandler
                0x0000000008002718                TIM1_UP_TIM16_IRQHandler
                0x0000000008002718                ADC1_2_IRQHandler
                0x0000000008002718                SPI1_IRQHandler
                0x0000000008002718                TIM6_DAC_IRQHandler
                0x0000000008002718                TIM8_UP_IRQHandler
                0x0000000008002718                DMA2_Channel2_IRQHandler
                0x0000000008002718                DMA1_Channel4_IRQHandler
                0x0000000008002718                SAI2_IRQHandler
                0x0000000008002718                DFSDM1_FLT3_IRQHandler
                0x0000000008002718                USART3_IRQHandler
                0x0000000008002718                DMA1_Channel7_IRQHandler
                0x0000000008002718                CAN1_RX1_IRQHandler
                0x0000000008002718                LCD_IRQHandler
                0x0000000008002718                UART5_IRQHandler
                0x0000000008002718                ADC3_IRQHandler
                0x0000000008002718                TIM4_IRQHandler
                0x0000000008002718                DMA2_Channel1_IRQHandler
                0x0000000008002718                QUADSPI_IRQHandler
                0x0000000008002718                I2C1_EV_IRQHandler
                0x0000000008002718                DMA1_Channel6_IRQHandler
                0x0000000008002718                UART4_IRQHandler
                0x0000000008002718                DMA2_Channel4_IRQHandler
                0x0000000008002718                TIM3_IRQHandler
                0x0000000008002718                RCC_IRQHandler
                0x0000000008002718                DMA1_Channel1_IRQHandler
                0x0000000008002718                Default_Handler
                0x0000000008002718                DMA2_Channel7_IRQHandler
                0x0000000008002718                EXTI15_10_IRQHandler
                0x0000000008002718                TIM7_IRQHandler
                0x0000000008002718                SDMMC1_IRQHandler
                0x0000000008002718                TIM5_IRQHandler
                0x0000000008002718                I2C3_EV_IRQHandler
                0x0000000008002718                EXTI9_5_IRQHandler
                0x0000000008002718                RTC_WKUP_IRQHandler
                0x0000000008002718                PVD_PVM_IRQHandler
                0x0000000008002718                SPI2_IRQHandler
                0x0000000008002718                CAN1_TX_IRQHandler
                0x0000000008002718                DMA2_Channel5_IRQHandler
                0x0000000008002718                DMA1_Channel5_IRQHandler
                0x0000000008002718                EXTI4_IRQHandler
                0x0000000008002718                RNG_IRQHandler
                0x0000000008002718                TIM1_TRG_COM_TIM17_IRQHandler
                0x0000000008002718                DMA1_Channel3_IRQHandler
                0x0000000008002718                COMP_IRQHandler
                0x0000000008002718                WWDG_IRQHandler
                0x0000000008002718                LPUART1_IRQHandler
                0x0000000008002718                DMA2_Channel6_IRQHandler
                0x0000000008002718                TIM2_IRQHandler
                0x0000000008002718                EXTI1_IRQHandler
                0x0000000008002718                USART2_IRQHandler
                0x0000000008002718                DFSDM1_FLT0_IRQHandler
                0x0000000008002718                I2C2_ER_IRQHandler
                0x0000000008002718                DMA1_Channel2_IRQHandler
                0x0000000008002718                TIM8_BRK_IRQHandler
                0x0000000008002718                CAN1_SCE_IRQHandler
                0x0000000008002718                FLASH_IRQHandler
                0x0000000008002718                USART1_IRQHandler
                0x0000000008002718                OTG_FS_IRQHandler
                0x0000000008002718                SPI3_IRQHandler
                0x0000000008002718                I2C1_ER_IRQHandler
                0x0000000008002718                FMC_IRQHandler
                0x0000000008002718                SWPMI1_IRQHandler
                0x0000000008002718                LPTIM1_IRQHandler
                0x0000000008002718                SAI1_IRQHandler
                0x0000000008002718                DMA2_Channel3_IRQHandler
                0x0000000008002718                TIM1_BRK_TIM15_IRQHandler
 .text.HAL_Init
                0x000000000800271a       0x30 ./Drivers/STM32L4xx_HAL_Driver/Src/stm32l4xx_hal.o
                0x000000000800271a                HAL_Init
 *fill*         0x000000000800274a        0x2 
 .text.HAL_InitTick
                0x000000000800274c       0x78 ./Drivers/STM32L4xx_HAL_Driver/Src/stm32l4xx_hal.o
                0x000000000800274c                HAL_InitTick
 .text.HAL_IncTick
                0x00000000080027c4       0x28 ./Drivers/STM32L4xx_HAL_Driver/Src/stm32l4xx_hal.o
                0x00000000080027c4                HAL_IncTick
 .text.HAL_GetTick
                0x00000000080027ec       0x18 ./Drivers/STM32L4xx_HAL_Driver/Src/stm32l4xx_hal.o
                0x00000000080027ec                HAL_GetTick
 .text.__NVIC_SetPriorityGrouping
                0x0000000008002804       0x48 ./Drivers/STM32L4xx_HAL_Driver/Src/stm32l4xx_hal_cortex.o
 .text.__NVIC_GetPriorityGrouping
                0x000000000800284c       0x1c ./Drivers/STM32L4xx_HAL_Driver/Src/stm32l4xx_hal_cortex.o
 .text.__NVIC_SetPriority
                0x0000000008002868       0x54 ./Drivers/STM32L4xx_HAL_Driver/Src/stm32l4xx_hal_cortex.o
 .text.NVIC_EncodePriority
                0x00000000080028bc       0x66 ./Drivers/STM32L4xx_HAL_Driver/Src/stm32l4xx_hal_cortex.o
 *fill*         0x0000000008002922        0x2 
 .text.SysTick_Config
                0x0000000008002924       0x44 ./Drivers/STM32L4xx_HAL_Driver/Src/stm32l4xx_hal_cortex.o
 .text.HAL_NVIC_SetPriorityGrouping
                0x0000000008002968       0x16 ./Drivers/STM32L4xx_HAL_Driver/Src/stm32l4xx_hal_cortex.o
                0x0000000008002968                HAL_NVIC_SetPriorityGrouping
 .text.HAL_NVIC_SetPriority
                0x000000000800297e       0x38 ./Drivers/STM32L4xx_HAL_Driver/Src/stm32l4xx_hal_cortex.o
                0x000000000800297e                HAL_NVIC_SetPriority
 .text.HAL_SYSTICK_Config
                0x00000000080029b6       0x18 ./Drivers/STM32L4xx_HAL_Driver/Src/stm32l4xx_hal_cortex.o
                0x00000000080029b6                HAL_SYSTICK_Config
 *fill*         0x00000000080029ce        0x2 
 .text.HAL_GPIO_Init
                0x00000000080029d0      0x354 ./Drivers/STM32L4xx_HAL_Driver/Src/stm32l4xx_hal_gpio.o
                0x00000000080029d0                HAL_GPIO_Init
 .text.HAL_GPIO_ReadPin
                0x0000000008002d24       0x30 ./Drivers/STM32L4xx_HAL_Driver/Src/stm32l4xx_hal_gpio.o
                0x0000000008002d24                HAL_GPIO_ReadPin
 .text.HAL_GPIO_WritePin
                0x0000000008002d54       0x30 ./Drivers/STM32L4xx_HAL_Driver/Src/stm32l4xx_hal_gpio.o
                0x0000000008002d54                HAL_GPIO_WritePin
 .text.HAL_I2C_Init
                0x0000000008002d84      0x11e ./Drivers/STM32L4xx_HAL_Driver/Src/stm32l4xx_hal_i2c.o
                0x0000000008002d84                HAL_I2C_Init
 *fill*         0x0000000008002ea2        0x2 
 .text.HAL_I2C_Master_Transmit
                0x0000000008002ea4      0x1e8 ./Drivers/STM32L4xx_HAL_Driver/Src/stm32l4xx_hal_i2c.o
                0x0000000008002ea4                HAL_I2C_Master_Transmit
 .text.HAL_I2C_Master_Receive
                0x000000000800308c      0x1ec ./Drivers/STM32L4xx_HAL_Driver/Src/stm32l4xx_hal_i2c.o
                0x000000000800308c                HAL_I2C_Master_Receive
 .text.HAL_I2C_Mem_Write
                0x0000000008003278      0x228 ./Drivers/STM32L4xx_HAL_Driver/Src/stm32l4xx_hal_i2c.o
                0x0000000008003278                HAL_I2C_Mem_Write
 .text.HAL_I2C_Mem_Read
                0x00000000080034a0      0x234 ./Drivers/STM32L4xx_HAL_Driver/Src/stm32l4xx_hal_i2c.o
                0x00000000080034a0                HAL_I2C_Mem_Read
 .text.I2C_RequestMemoryWrite
                0x00000000080036d4       0xa8 ./Drivers/STM32L4xx_HAL_Driver/Src/stm32l4xx_hal_i2c.o
 .text.I2C_RequestMemoryRead
                0x000000000800377c       0xa8 ./Drivers/STM32L4xx_HAL_Driver/Src/stm32l4xx_hal_i2c.o
 .text.I2C_Flush_TXDR
                0x0000000008003824       0x48 ./Drivers/STM32L4xx_HAL_Driver/Src/stm32l4xx_hal_i2c.o
 .text.I2C_WaitOnFlagUntilTimeout
                0x000000000800386c       0x80 ./Drivers/STM32L4xx_HAL_Driver/Src/stm32l4xx_hal_i2c.o
 .text.I2C_WaitOnTXISFlagUntilTimeout
                0x00000000080038ec       0x80 ./Drivers/STM32L4xx_HAL_Driver/Src/stm32l4xx_hal_i2c.o
 .text.I2C_WaitOnSTOPFlagUntilTimeout
                0x000000000800396c       0x78 ./Drivers/STM32L4xx_HAL_Driver/Src/stm32l4xx_hal_i2c.o
 .text.I2C_WaitOnRXNEFlagUntilTimeout
                0x00000000080039e4       0xd8 ./Drivers/STM32L4xx_HAL_Driver/Src/stm32l4xx_hal_i2c.o
 .text.I2C_IsAcknowledgeFailed
                0x0000000008003abc       0xcc ./Drivers/STM32L4xx_HAL_Driver/Src/stm32l4xx_hal_i2c.o
 .text.I2C_TransferConfig
                0x0000000008003b88       0x5c ./Drivers/STM32L4xx_HAL_Driver/Src/stm32l4xx_hal_i2c.o
 .text.HAL_I2CEx_ConfigAnalogFilter
                0x0000000008003be4       0x96 ./Drivers/STM32L4xx_HAL_Driver/Src/stm32l4xx_hal_i2c_ex.o
                0x0000000008003be4                HAL_I2CEx_ConfigAnalogFilter
 .text.HAL_I2CEx_ConfigDigitalFilter
                0x0000000008003c7a       0x98 ./Drivers/STM32L4xx_HAL_Driver/Src/stm32l4xx_hal_i2c_ex.o
                0x0000000008003c7a                HAL_I2CEx_ConfigDigitalFilter
 *fill*         0x0000000008003d12        0x2 
 .text.HAL_PWREx_GetVoltageRange
                0x0000000008003d14       0x1c ./Drivers/STM32L4xx_HAL_Driver/Src/stm32l4xx_hal_pwr_ex.o
                0x0000000008003d14                HAL_PWREx_GetVoltageRange
 .text.HAL_PWREx_ControlVoltageScaling
                0x0000000008003d30       0xac ./Drivers/STM32L4xx_HAL_Driver/Src/stm32l4xx_hal_pwr_ex.o
                0x0000000008003d30                HAL_PWREx_ControlVoltageScaling
 .text.HAL_RCC_OscConfig
                0x0000000008003ddc      0x7cc ./Drivers/STM32L4xx_HAL_Driver/Src/stm32l4xx_hal_rcc.o
                0x0000000008003ddc                HAL_RCC_OscConfig
 .text.HAL_RCC_ClockConfig
                0x00000000080045a8      0x1c4 ./Drivers/STM32L4xx_HAL_Driver/Src/stm32l4xx_hal_rcc.o
                0x00000000080045a8                HAL_RCC_ClockConfig
 .text.HAL_RCC_GetSysClockFreq
                0x000000000800476c      0x118 ./Drivers/STM32L4xx_HAL_Driver/Src/stm32l4xx_hal_rcc.o
                0x000000000800476c                HAL_RCC_GetSysClockFreq
 .text.HAL_RCC_GetHCLKFreq
                0x0000000008004884       0x18 ./Drivers/STM32L4xx_HAL_Driver/Src/stm32l4xx_hal_rcc.o
                0x0000000008004884                HAL_RCC_GetHCLKFreq
 .text.HAL_RCC_GetPCLK1Freq
                0x000000000800489c       0x2c ./Drivers/STM32L4xx_HAL_Driver/Src/stm32l4xx_hal_rcc.o
                0x000000000800489c                HAL_RCC_GetPCLK1Freq
 .text.HAL_RCC_GetPCLK2Freq
                0x00000000080048c8       0x2c ./Drivers/STM32L4xx_HAL_Driver/Src/stm32l4xx_hal_rcc.o
                0x00000000080048c8                HAL_RCC_GetPCLK2Freq
 .text.RCC_SetFlashLatencyFromMSIRange
                0x00000000080048f4       0xc0 ./Drivers/STM32L4xx_HAL_Driver/Src/stm32l4xx_hal_rcc.o
 .text.HAL_RCCEx_PeriphCLKConfig
                0x00000000080049b4      0x5d4 ./Drivers/STM32L4xx_HAL_Driver/Src/stm32l4xx_hal_rcc_ex.o
                0x00000000080049b4                HAL_RCCEx_PeriphCLKConfig
 .text.RCCEx_PLLSAI1_Config
                0x0000000008004f88      0x1e8 ./Drivers/STM32L4xx_HAL_Driver/Src/stm32l4xx_hal_rcc_ex.o
 .text.RCCEx_PLLSAI2_Config
                0x0000000008005170      0x1bc ./Drivers/STM32L4xx_HAL_Driver/Src/stm32l4xx_hal_rcc_ex.o
 .text.HAL_SPI_Init
                0x000000000800532c      0x146 ./Drivers/STM32L4xx_HAL_Driver/Src/stm32l4xx_hal_spi.o
                0x000000000800532c                HAL_SPI_Init
 .text.HAL_SPI_Transmit
                0x0000000008005472      0x2dc ./Drivers/STM32L4xx_HAL_Driver/Src/stm32l4xx_hal_spi.o
                0x0000000008005472                HAL_SPI_Transmit
 .text.HAL_SPI_Receive
                0x000000000800574e      0x260 ./Drivers/STM32L4xx_HAL_Driver/Src/stm32l4xx_hal_spi.o
                0x000000000800574e                HAL_SPI_Receive
 .text.HAL_SPI_TransmitReceive
                0x00000000080059ae      0x426 ./Drivers/STM32L4xx_HAL_Driver/Src/stm32l4xx_hal_spi.o
                0x00000000080059ae                HAL_SPI_TransmitReceive
 .text.SPI_WaitFlagStateUntilTimeout
                0x0000000008005dd4      0x110 ./Drivers/STM32L4xx_HAL_Driver/Src/stm32l4xx_hal_spi.o
 .text.SPI_WaitFifoStateUntilTimeout
                0x0000000008005ee4      0x124 ./Drivers/STM32L4xx_HAL_Driver/Src/stm32l4xx_hal_spi.o
 .text.SPI_EndRxTransaction
                0x0000000008006008       0xb0 ./Drivers/STM32L4xx_HAL_Driver/Src/stm32l4xx_hal_spi.o
 .text.SPI_EndRxTxTransaction
                0x00000000080060b8       0x8c ./Drivers/STM32L4xx_HAL_Driver/Src/stm32l4xx_hal_spi.o
 .text.HAL_UART_Init
                0x0000000008006144       0x9c ./Drivers/STM32L4xx_HAL_Driver/Src/stm32l4xx_hal_uart.o
                0x0000000008006144                HAL_UART_Init
 .text.HAL_UART_Transmit
                0x00000000080061e0      0x128 ./Drivers/STM32L4xx_HAL_Driver/Src/stm32l4xx_hal_uart.o
                0x00000000080061e0                HAL_UART_Transmit
 .text.UART_SetConfig
                0x0000000008006308      0x514 ./Drivers/STM32L4xx_HAL_Driver/Src/stm32l4xx_hal_uart.o
                0x0000000008006308                UART_SetConfig
 .text.UART_AdvFeatureConfig
                0x000000000800681c      0x144 ./Drivers/STM32L4xx_HAL_Driver/Src/stm32l4xx_hal_uart.o
                0x000000000800681c                UART_AdvFeatureConfig
 .text.UART_CheckIdleState
                0x0000000008006960       0x92 ./Drivers/STM32L4xx_HAL_Driver/Src/stm32l4xx_hal_uart.o
                0x0000000008006960                UART_CheckIdleState
 .text.UART_WaitOnFlagUntilTimeout
                0x00000000080069f2       0xf8 ./Drivers/STM32L4xx_HAL_Driver/Src/stm32l4xx_hal_uart.o
                0x00000000080069f2                UART_WaitOnFlagUntilTimeout
 *fill*         0x0000000008006aea        0x2 
 .text.__errno  0x0000000008006aec        0xc g:/stm32/stm32cubeide_1.7.0/stm32cubeide/plugins/com.st.stm32cube.ide.mcu.externaltools.gnu-tools-for-stm32.9-2020-q2-update.win32_2.0.0.202105311346/tools/bin/../lib/gcc/arm-none-eabi/9.3.1/../../../../arm-none-eabi/lib/thumb/v7e-m+fp/hard\libc_nano.a(lib_a-errno.o)
                0x0000000008006aec                __errno
 .text.__libc_init_array
                0x0000000008006af8       0x48 g:/stm32/stm32cubeide_1.7.0/stm32cubeide/plugins/com.st.stm32cube.ide.mcu.externaltools.gnu-tools-for-stm32.9-2020-q2-update.win32_2.0.0.202105311346/tools/bin/../lib/gcc/arm-none-eabi/9.3.1/../../../../arm-none-eabi/lib/thumb/v7e-m+fp/hard\libc_nano.a(lib_a-init.o)
                0x0000000008006af8                __libc_init_array
 .text.memset   0x0000000008006b40       0x10 g:/stm32/stm32cubeide_1.7.0/stm32cubeide/plugins/com.st.stm32cube.ide.mcu.externaltools.gnu-tools-for-stm32.9-2020-q2-update.win32_2.0.0.202105311346/tools/bin/../lib/gcc/arm-none-eabi/9.3.1/../../../../arm-none-eabi/lib/thumb/v7e-m+fp/hard\libc_nano.a(lib_a-memset.o)
                0x0000000008006b40                memset
 .text.sprintf  0x0000000008006b50       0x40 g:/stm32/stm32cubeide_1.7.0/stm32cubeide/plugins/com.st.stm32cube.ide.mcu.externaltools.gnu-tools-for-stm32.9-2020-q2-update.win32_2.0.0.202105311346/tools/bin/../lib/gcc/arm-none-eabi/9.3.1/../../../../arm-none-eabi/lib/thumb/v7e-m+fp/hard\libc_nano.a(lib_a-sprintf.o)
                0x0000000008006b50                siprintf
                0x0000000008006b50                sprintf
 .text.__ssputs_r
                0x0000000008006b90       0xb6 g:/stm32/stm32cubeide_1.7.0/stm32cubeide/plugins/com.st.stm32cube.ide.mcu.externaltools.gnu-tools-for-stm32.9-2020-q2-update.win32_2.0.0.202105311346/tools/bin/../lib/gcc/arm-none-eabi/9.3.1/../../../../arm-none-eabi/lib/thumb/v7e-m+fp/hard\libc_nano.a(lib_a-nano-svfprintf.o)
                0x0000000008006b90                __ssputs_r
 *fill*         0x0000000008006c46        0x2 
 .text._svfprintf_r
                0x0000000008006c48      0x200 g:/stm32/stm32cubeide_1.7.0/stm32cubeide/plugins/com.st.stm32cube.ide.mcu.externaltools.gnu-tools-for-stm32.9-2020-q2-update.win32_2.0.0.202105311346/tools/bin/../lib/gcc/arm-none-eabi/9.3.1/../../../../arm-none-eabi/lib/thumb/v7e-m+fp/hard\libc_nano.a(lib_a-nano-svfprintf.o)
                0x0000000008006c48                _svfiprintf_r
                0x0000000008006c48                _svfprintf_r
 .text._printf_common
                0x0000000008006e48       0xda g:/stm32/stm32cubeide_1.7.0/stm32cubeide/plugins/com.st.stm32cube.ide.mcu.externaltools.gnu-tools-for-stm32.9-2020-q2-update.win32_2.0.0.202105311346/tools/bin/../lib/gcc/arm-none-eabi/9.3.1/../../../../arm-none-eabi/lib/thumb/v7e-m+fp/hard\libc_nano.a(lib_a-nano-vfprintf_i.o)
                0x0000000008006e48                _printf_common
 *fill*         0x0000000008006f22        0x2 
 .text._printf_i
                0x0000000008006f24      0x24c g:/stm32/stm32cubeide_1.7.0/stm32cubeide/plugins/com.st.stm32cube.ide.mcu.externaltools.gnu-tools-for-stm32.9-2020-q2-update.win32_2.0.0.202105311346/tools/bin/../lib/gcc/arm-none-eabi/9.3.1/../../../../arm-none-eabi/lib/thumb/v7e-m+fp/hard\libc_nano.a(lib_a-nano-vfprintf_i.o)
                0x0000000008006f24                _printf_i
 .text.memcpy   0x0000000008007170       0x1c g:/stm32/stm32cubeide_1.7.0/stm32cubeide/plugins/com.st.stm32cube.ide.mcu.externaltools.gnu-tools-for-stm32.9-2020-q2-update.win32_2.0.0.202105311346/tools/bin/../lib/gcc/arm-none-eabi/9.3.1/../../../../arm-none-eabi/lib/thumb/v7e-m+fp/hard\libc_nano.a(lib_a-memcpy-stub.o)
                0x0000000008007170                memcpy
 .text.memmove  0x000000000800718c       0x34 g:/stm32/stm32cubeide_1.7.0/stm32cubeide/plugins/com.st.stm32cube.ide.mcu.externaltools.gnu-tools-for-stm32.9-2020-q2-update.win32_2.0.0.202105311346/tools/bin/../lib/gcc/arm-none-eabi/9.3.1/../../../../arm-none-eabi/lib/thumb/v7e-m+fp/hard\libc_nano.a(lib_a-memmove.o)
                0x000000000800718c                memmove
 .text._free_r  0x00000000080071c0       0xa0 g:/stm32/stm32cubeide_1.7.0/stm32cubeide/plugins/com.st.stm32cube.ide.mcu.externaltools.gnu-tools-for-stm32.9-2020-q2-update.win32_2.0.0.202105311346/tools/bin/../lib/gcc/arm-none-eabi/9.3.1/../../../../arm-none-eabi/lib/thumb/v7e-m+fp/hard\libc_nano.a(lib_a-nano-freer.o)
                0x00000000080071c0                _free_r
 .text._malloc_r
                0x0000000008007260       0xb4 g:/stm32/stm32cubeide_1.7.0/stm32cubeide/plugins/com.st.stm32cube.ide.mcu.externaltools.gnu-tools-for-stm32.9-2020-q2-update.win32_2.0.0.202105311346/tools/bin/../lib/gcc/arm-none-eabi/9.3.1/../../../../arm-none-eabi/lib/thumb/v7e-m+fp/hard\libc_nano.a(lib_a-nano-mallocr.o)
                0x0000000008007260                _malloc_r
 .text._realloc_r
                0x0000000008007314       0x4c g:/stm32/stm32cubeide_1.7.0/stm32cubeide/plugins/com.st.stm32cube.ide.mcu.externaltools.gnu-tools-for-stm32.9-2020-q2-update.win32_2.0.0.202105311346/tools/bin/../lib/gcc/arm-none-eabi/9.3.1/../../../../arm-none-eabi/lib/thumb/v7e-m+fp/hard\libc_nano.a(lib_a-nano-reallocr.o)
                0x0000000008007314                _realloc_r
 .text._sbrk_r  0x0000000008007360       0x20 g:/stm32/stm32cubeide_1.7.0/stm32cubeide/plugins/com.st.stm32cube.ide.mcu.externaltools.gnu-tools-for-stm32.9-2020-q2-update.win32_2.0.0.202105311346/tools/bin/../lib/gcc/arm-none-eabi/9.3.1/../../../../arm-none-eabi/lib/thumb/v7e-m+fp/hard\libc_nano.a(lib_a-sbrkr.o)
                0x0000000008007360                _sbrk_r
 .text.__malloc_lock
                0x0000000008007380        0xc g:/stm32/stm32cubeide_1.7.0/stm32cubeide/plugins/com.st.stm32cube.ide.mcu.externaltools.gnu-tools-for-stm32.9-2020-q2-update.win32_2.0.0.202105311346/tools/bin/../lib/gcc/arm-none-eabi/9.3.1/../../../../arm-none-eabi/lib/thumb/v7e-m+fp/hard\libc_nano.a(lib_a-mlock.o)
                0x0000000008007380                __malloc_lock
 .text.__malloc_unlock
                0x000000000800738c        0xc g:/stm32/stm32cubeide_1.7.0/stm32cubeide/plugins/com.st.stm32cube.ide.mcu.externaltools.gnu-tools-for-stm32.9-2020-q2-update.win32_2.0.0.202105311346/tools/bin/../lib/gcc/arm-none-eabi/9.3.1/../../../../arm-none-eabi/lib/thumb/v7e-m+fp/hard\libc_nano.a(lib_a-mlock.o)
                0x000000000800738c                __malloc_unlock
 .text._malloc_usable_size_r
                0x0000000008007398       0x10 g:/stm32/stm32cubeide_1.7.0/stm32cubeide/plugins/com.st.stm32cube.ide.mcu.externaltools.gnu-tools-for-stm32.9-2020-q2-update.win32_2.0.0.202105311346/tools/bin/../lib/gcc/arm-none-eabi/9.3.1/../../../../arm-none-eabi/lib/thumb/v7e-m+fp/hard\libc_nano.a(lib_a-nano-msizer.o)
                0x0000000008007398                _malloc_usable_size_r
 .text.__retarget_lock_acquire_recursive
                0x00000000080073a8        0x2 g:/stm32/stm32cubeide_1.7.0/stm32cubeide/plugins/com.st.stm32cube.ide.mcu.externaltools.gnu-tools-for-stm32.9-2020-q2-update.win32_2.0.0.202105311346/tools/bin/../lib/gcc/arm-none-eabi/9.3.1/../../../../arm-none-eabi/lib/thumb/v7e-m+fp/hard\libc_nano.a(lib_a-lock.o)
                0x00000000080073a8                __retarget_lock_acquire_recursive
 .text.__retarget_lock_release_recursive
                0x00000000080073aa        0x2 g:/stm32/stm32cubeide_1.7.0/stm32cubeide/plugins/com.st.stm32cube.ide.mcu.externaltools.gnu-tools-for-stm32.9-2020-q2-update.win32_2.0.0.202105311346/tools/bin/../lib/gcc/arm-none-eabi/9.3.1/../../../../arm-none-eabi/lib/thumb/v7e-m+fp/hard\libc_nano.a(lib_a-lock.o)
                0x00000000080073aa                __retarget_lock_release_recursive
 *(.glue_7)
 .glue_7        0x00000000080073ac        0x0 linker stubs
 *(.glue_7t)
 .glue_7t       0x00000000080073ac        0x0 linker stubs
 *(.eh_frame)
 .eh_frame      0x00000000080073ac        0x0 g:/stm32/stm32cubeide_1.7.0/stm32cubeide/plugins/com.st.stm32cube.ide.mcu.externaltools.gnu-tools-for-stm32.9-2020-q2-update.win32_2.0.0.202105311346/tools/bin/../lib/gcc/arm-none-eabi/9.3.1/thumb/v7e-m+fp/hard/crtbegin.o
 *(.init)
 .init          0x00000000080073ac        0x4 g:/stm32/stm32cubeide_1.7.0/stm32cubeide/plugins/com.st.stm32cube.ide.mcu.externaltools.gnu-tools-for-stm32.9-2020-q2-update.win32_2.0.0.202105311346/tools/bin/../lib/gcc/arm-none-eabi/9.3.1/thumb/v7e-m+fp/hard/crti.o
                0x00000000080073ac                _init
 .init          0x00000000080073b0        0x8 g:/stm32/stm32cubeide_1.7.0/stm32cubeide/plugins/com.st.stm32cube.ide.mcu.externaltools.gnu-tools-for-stm32.9-2020-q2-update.win32_2.0.0.202105311346/tools/bin/../lib/gcc/arm-none-eabi/9.3.1/thumb/v7e-m+fp/hard/crtn.o
 *(.fini)
 .fini          0x00000000080073b8        0x4 g:/stm32/stm32cubeide_1.7.0/stm32cubeide/plugins/com.st.stm32cube.ide.mcu.externaltools.gnu-tools-for-stm32.9-2020-q2-update.win32_2.0.0.202105311346/tools/bin/../lib/gcc/arm-none-eabi/9.3.1/thumb/v7e-m+fp/hard/crti.o
                0x00000000080073b8                _fini
 .fini          0x00000000080073bc        0x8 g:/stm32/stm32cubeide_1.7.0/stm32cubeide/plugins/com.st.stm32cube.ide.mcu.externaltools.gnu-tools-for-stm32.9-2020-q2-update.win32_2.0.0.202105311346/tools/bin/../lib/gcc/arm-none-eabi/9.3.1/thumb/v7e-m+fp/hard/crtn.o
                0x00000000080073c4                . = ALIGN (0x4)
                0x00000000080073c4                _etext = .

.vfp11_veneer   0x00000000080073c4        0x0
 .vfp11_veneer  0x00000000080073c4        0x0 linker stubs

.v4_bx          0x00000000080073c4        0x0
 .v4_bx         0x00000000080073c4        0x0 linker stubs

.iplt           0x00000000080073c4        0x0
 .iplt          0x00000000080073c4        0x0 g:/stm32/stm32cubeide_1.7.0/stm32cubeide/plugins/com.st.stm32cube.ide.mcu.externaltools.gnu-tools-for-stm32.9-2020-q2-update.win32_2.0.0.202105311346/tools/bin/../lib/gcc/arm-none-eabi/9.3.1/thumb/v7e-m+fp/hard/crtbegin.o

.rodata         0x00000000080073c4       0xd4
                0x00000000080073c4                . = ALIGN (0x4)
 *(.rodata)
 .rodata        0x00000000080073c4        0xd ./Core/Src/NRF24L01.o
 *fill*         0x00000000080073d1        0x3 
 .rodata        0x00000000080073d4       0x48 ./Core/Src/main.o
 *(.rodata*)
 .rodata.AHBPrescTable
                0x000000000800741c       0x10 ./Core/Src/system_stm32l4xx.o
                0x000000000800741c                AHBPrescTable
 .rodata.APBPrescTable
                0x000000000800742c        0x8 ./Core/Src/system_stm32l4xx.o
                0x000000000800742c                APBPrescTable
 .rodata.MSIRangeTable
                0x0000000008007434       0x30 ./Core/Src/system_stm32l4xx.o
                0x0000000008007434                MSIRangeTable
 .rodata._svfprintf_r.str1.1
                0x0000000008007464       0x11 g:/stm32/stm32cubeide_1.7.0/stm32cubeide/plugins/com.st.stm32cube.ide.mcu.externaltools.gnu-tools-for-stm32.9-2020-q2-update.win32_2.0.0.202105311346/tools/bin/../lib/gcc/arm-none-eabi/9.3.1/../../../../arm-none-eabi/lib/thumb/v7e-m+fp/hard\libc_nano.a(lib_a-nano-svfprintf.o)
 .rodata._printf_i.str1.1
                0x0000000008007475       0x22 g:/stm32/stm32cubeide_1.7.0/stm32cubeide/plugins/com.st.stm32cube.ide.mcu.externaltools.gnu-tools-for-stm32.9-2020-q2-update.win32_2.0.0.202105311346/tools/bin/../lib/gcc/arm-none-eabi/9.3.1/../../../../arm-none-eabi/lib/thumb/v7e-m+fp/hard\libc_nano.a(lib_a-nano-vfprintf_i.o)
                0x0000000008007498                . = ALIGN (0x4)
 *fill*         0x0000000008007497        0x1 

.ARM.extab      0x0000000008007498        0x0
                0x0000000008007498                . = ALIGN (0x4)
 *(.ARM.extab* .gnu.linkonce.armextab.*)
                0x0000000008007498                . = ALIGN (0x4)

.ARM            0x0000000008007498        0x8
                0x0000000008007498                . = ALIGN (0x4)
                0x0000000008007498                __exidx_start = .
 *(.ARM.exidx*)
 .ARM.exidx     0x0000000008007498        0x8 g:/stm32/stm32cubeide_1.7.0/stm32cubeide/plugins/com.st.stm32cube.ide.mcu.externaltools.gnu-tools-for-stm32.9-2020-q2-update.win32_2.0.0.202105311346/tools/bin/../lib/gcc/arm-none-eabi/9.3.1/thumb/v7e-m+fp/hard\libgcc.a(_udivmoddi4.o)
                0x00000000080074a0                __exidx_end = .
                0x00000000080074a0                . = ALIGN (0x4)

.rel.dyn        0x00000000080074a0        0x0
 .rel.iplt      0x00000000080074a0        0x0 g:/stm32/stm32cubeide_1.7.0/stm32cubeide/plugins/com.st.stm32cube.ide.mcu.externaltools.gnu-tools-for-stm32.9-2020-q2-update.win32_2.0.0.202105311346/tools/bin/../lib/gcc/arm-none-eabi/9.3.1/thumb/v7e-m+fp/hard/crtbegin.o

.preinit_array  0x00000000080074a0        0x0
                0x00000000080074a0                . = ALIGN (0x4)
                0x00000000080074a0                PROVIDE (__preinit_array_start = .)
 *(.preinit_array*)
                0x00000000080074a0                PROVIDE (__preinit_array_end = .)
                0x00000000080074a0                . = ALIGN (0x4)

.init_array     0x00000000080074a0        0x4
                0x00000000080074a0                . = ALIGN (0x4)
                0x00000000080074a0                PROVIDE (__init_array_start = .)
 *(SORT_BY_NAME(.init_array.*))
 *(.init_array*)
 .init_array    0x00000000080074a0        0x4 g:/stm32/stm32cubeide_1.7.0/stm32cubeide/plugins/com.st.stm32cube.ide.mcu.externaltools.gnu-tools-for-stm32.9-2020-q2-update.win32_2.0.0.202105311346/tools/bin/../lib/gcc/arm-none-eabi/9.3.1/thumb/v7e-m+fp/hard/crtbegin.o
                0x00000000080074a4                PROVIDE (__init_array_end = .)
                0x00000000080074a4                . = ALIGN (0x4)

.fini_array     0x00000000080074a4        0x4
                0x00000000080074a4                . = ALIGN (0x4)
                [!provide]                        PROVIDE (__fini_array_start = .)
 *(SORT_BY_NAME(.fini_array.*))
 *(.fini_array*)
 .fini_array    0x00000000080074a4        0x4 g:/stm32/stm32cubeide_1.7.0/stm32cubeide/plugins/com.st.stm32cube.ide.mcu.externaltools.gnu-tools-for-stm32.9-2020-q2-update.win32_2.0.0.202105311346/tools/bin/../lib/gcc/arm-none-eabi/9.3.1/thumb/v7e-m+fp/hard/crtbegin.o
                [!provide]                        PROVIDE (__fini_array_end = .)
                0x00000000080074a8                . = ALIGN (0x4)
                0x00000000080074a8                _sidata = LOADADDR (.data)

.data           0x0000000020000000       0x78 load address 0x00000000080074a8
                0x0000000020000000                . = ALIGN (0x4)
                0x0000000020000000                _sdata = .
 *(.data)
 *(.data*)
 .data.TxAddress
                0x0000000020000000        0x5 ./Core/Src/main.o
                0x0000000020000000                TxAddress
 *fill*         0x0000000020000005        0x3 
 .data.SystemCoreClock
                0x0000000020000008        0x4 ./Core/Src/system_stm32l4xx.o
                0x0000000020000008                SystemCoreClock
 .data.uwTickPrio
                0x000000002000000c        0x4 ./Drivers/STM32L4xx_HAL_Driver/Src/stm32l4xx_hal.o
                0x000000002000000c                uwTickPrio
 .data.uwTickFreq
                0x0000000020000010        0x1 ./Drivers/STM32L4xx_HAL_Driver/Src/stm32l4xx_hal.o
                0x0000000020000010                uwTickFreq
 *fill*         0x0000000020000011        0x3 
 .data._impure_ptr
                0x0000000020000014        0x4 g:/stm32/stm32cubeide_1.7.0/stm32cubeide/plugins/com.st.stm32cube.ide.mcu.externaltools.gnu-tools-for-stm32.9-2020-q2-update.win32_2.0.0.202105311346/tools/bin/../lib/gcc/arm-none-eabi/9.3.1/../../../../arm-none-eabi/lib/thumb/v7e-m+fp/hard\libc_nano.a(lib_a-impure.o)
                0x0000000020000014                _impure_ptr
 .data.impure_data
                0x0000000020000018       0x60 g:/stm32/stm32cubeide_1.7.0/stm32cubeide/plugins/com.st.stm32cube.ide.mcu.externaltools.gnu-tools-for-stm32.9-2020-q2-update.win32_2.0.0.202105311346/tools/bin/../lib/gcc/arm-none-eabi/9.3.1/../../../../arm-none-eabi/lib/thumb/v7e-m+fp/hard\libc_nano.a(lib_a-impure.o)
 *(.RamFunc)
 *(.RamFunc*)
                0x0000000020000078                . = ALIGN (0x4)
                0x0000000020000078                _edata = .

.igot.plt       0x0000000020000078        0x0 load address 0x0000000008007520
 .igot.plt      0x0000000020000078        0x0 g:/stm32/stm32cubeide_1.7.0/stm32cubeide/plugins/com.st.stm32cube.ide.mcu.externaltools.gnu-tools-for-stm32.9-2020-q2-update.win32_2.0.0.202105311346/tools/bin/../lib/gcc/arm-none-eabi/9.3.1/thumb/v7e-m+fp/hard/crtbegin.o
                0x0000000020000078                . = ALIGN (0x4)

.bss            0x0000000020000078      0x2cc load address 0x0000000008007520
                0x0000000020000078                _sbss = .
                0x0000000020000078                __bss_start__ = _sbss
 *(.bss)
 .bss           0x0000000020000078       0x1c g:/stm32/stm32cubeide_1.7.0/stm32cubeide/plugins/com.st.stm32cube.ide.mcu.externaltools.gnu-tools-for-stm32.9-2020-q2-update.win32_2.0.0.202105311346/tools/bin/../lib/gcc/arm-none-eabi/9.3.1/thumb/v7e-m+fp/hard/crtbegin.o
 *(.bss*)
 .bss.__sbrk_heap_end
                0x0000000020000094        0x4 ./Core/Src/sysmem.o
 .bss.__malloc_free_list
                0x0000000020000098        0x4 g:/stm32/stm32cubeide_1.7.0/stm32cubeide/plugins/com.st.stm32cube.ide.mcu.externaltools.gnu-tools-for-stm32.9-2020-q2-update.win32_2.0.0.202105311346/tools/bin/../lib/gcc/arm-none-eabi/9.3.1/../../../../arm-none-eabi/lib/thumb/v7e-m+fp/hard\libc_nano.a(lib_a-nano-mallocr.o)
                0x0000000020000098                __malloc_free_list
 .bss.__malloc_sbrk_start
                0x000000002000009c        0x4 g:/stm32/stm32cubeide_1.7.0/stm32cubeide/plugins/com.st.stm32cube.ide.mcu.externaltools.gnu-tools-for-stm32.9-2020-q2-update.win32_2.0.0.202105311346/tools/bin/../lib/gcc/arm-none-eabi/9.3.1/../../../../arm-none-eabi/lib/thumb/v7e-m+fp/hard\libc_nano.a(lib_a-nano-mallocr.o)
                0x000000002000009c                __malloc_sbrk_start
 *(COMMON)
 COMMON         0x00000000200000a0        0x9 ./Core/Src/BH1750.o
                0x00000000200000a0                Bh1750_Mode
                0x00000000200000a4                bh1750_i2c
                0x00000000200000a8                Bh1750_Mtreg
 *fill*         0x00000000200000a9        0x1 
 COMMON         0x00000000200000aa        0xb ./Core/Src/DHT11.o
                0x00000000200000aa                isItHere
                0x00000000200000ab                Rh_byte1
                0x00000000200000ac                RH
                0x00000000200000ae                TEMP
                0x00000000200000b0                Temp_byte1
                0x00000000200000b1                Rh_byte2
                0x00000000200000b2                SUM
                0x00000000200000b4                Temp_byte2
 *fill*         0x00000000200000b5        0x3 
 COMMON         0x00000000200000b8       0x28 ./Core/Src/bmpxx80.o
                0x00000000200000b8                t3
                0x00000000200000ba                p2
                0x00000000200000bc                p7
                0x00000000200000be                _pressure_oversampling
                0x00000000200000c0                t2
                0x00000000200000c2                p5
                0x00000000200000c4                p1
                0x00000000200000c6                p8
                0x00000000200000c8                p6
                0x00000000200000ca                t1
                0x00000000200000cc                _temperature_res
                0x00000000200000d0                i2c_h
                0x00000000200000d4                _mode
                0x00000000200000d6                p3
                0x00000000200000d8                p9
                0x00000000200000da                p4
                0x00000000200000dc                t_fine
 COMMON         0x00000000200000e0       0x4c ./Core/Src/i2c.o
                0x00000000200000e0                hi2c1
 COMMON         0x000000002000012c       0x96 ./Core/Src/main.o
                0x000000002000012c                tx_buffer
                0x0000000020000190                data
 *fill*         0x00000000200001c2        0x2 
 COMMON         0x00000000200001c4       0x64 ./Core/Src/spi.o
                0x00000000200001c4                hspi1
 COMMON         0x0000000020000228      0x108 ./Core/Src/usart.o
                0x0000000020000228                huart4
                0x00000000200002ac                huart2
 COMMON         0x0000000020000330        0x4 ./Drivers/STM32L4xx_HAL_Driver/Src/stm32l4xx_hal.o
                0x0000000020000330                uwTick
 COMMON         0x0000000020000334        0x4 g:/stm32/stm32cubeide_1.7.0/stm32cubeide/plugins/com.st.stm32cube.ide.mcu.externaltools.gnu-tools-for-stm32.9-2020-q2-update.win32_2.0.0.202105311346/tools/bin/../lib/gcc/arm-none-eabi/9.3.1/../../../../arm-none-eabi/lib/thumb/v7e-m+fp/hard\libc_nano.a(lib_a-reent.o)
                0x0000000020000334                errno
 COMMON         0x0000000020000338        0x9 g:/stm32/stm32cubeide_1.7.0/stm32cubeide/plugins/com.st.stm32cube.ide.mcu.externaltools.gnu-tools-for-stm32.9-2020-q2-update.win32_2.0.0.202105311346/tools/bin/../lib/gcc/arm-none-eabi/9.3.1/../../../../arm-none-eabi/lib/thumb/v7e-m+fp/hard\libc_nano.a(lib_a-lock.o)
                0x0000000020000338                __lock___atexit_recursive_mutex
                0x0000000020000339                __lock___arc4random_mutex
                0x000000002000033a                __lock___env_recursive_mutex
                0x000000002000033b                __lock___sinit_recursive_mutex
                0x000000002000033c                __lock___malloc_recursive_mutex
                0x000000002000033d                __lock___at_quick_exit_mutex
                0x000000002000033e                __lock___dd_hash_mutex
                0x000000002000033f                __lock___tz_mutex
                0x0000000020000340                __lock___sfp_recursive_mutex
                0x0000000020000344                . = ALIGN (0x4)
 *fill*         0x0000000020000341        0x3 
                0x0000000020000344                _ebss = .
                0x0000000020000344                __bss_end__ = _ebss

._user_heap_stack
                0x0000000020000344      0x604 load address 0x0000000008007520
                0x0000000020000348                . = ALIGN (0x8)
 *fill*         0x0000000020000344        0x4 
                [!provide]                        PROVIDE (end = .)
                0x0000000020000348                PROVIDE (_end = .)
                0x0000000020000548                . = (. + _Min_Heap_Size)
 *fill*         0x0000000020000348      0x200 
                0x0000000020000948                . = (. + _Min_Stack_Size)
 *fill*         0x0000000020000548      0x400 
                0x0000000020000948                . = ALIGN (0x8)

/DISCARD/
 libc.a(*)
 libm.a(*)
 libgcc.a(*)

.ARM.attributes
                0x0000000000000000       0x30
 *(.ARM.attributes)
 .ARM.attributes
                0x0000000000000000       0x1e g:/stm32/stm32cubeide_1.7.0/stm32cubeide/plugins/com.st.stm32cube.ide.mcu.externaltools.gnu-tools-for-stm32.9-2020-q2-update.win32_2.0.0.202105311346/tools/bin/../lib/gcc/arm-none-eabi/9.3.1/thumb/v7e-m+fp/hard/crti.o
 .ARM.attributes
                0x000000000000001e       0x34 g:/stm32/stm32cubeide_1.7.0/stm32cubeide/plugins/com.st.stm32cube.ide.mcu.externaltools.gnu-tools-for-stm32.9-2020-q2-update.win32_2.0.0.202105311346/tools/bin/../lib/gcc/arm-none-eabi/9.3.1/thumb/v7e-m+fp/hard/crtbegin.o
 .ARM.attributes
                0x0000000000000052       0x34 ./Core/Src/BH1750.o
 .ARM.attributes
                0x0000000000000086       0x34 ./Core/Src/DHT11.o
 .ARM.attributes
                0x00000000000000ba       0x34 ./Core/Src/NRF24L01.o
 .ARM.attributes
                0x00000000000000ee       0x34 ./Core/Src/bmpxx80.o
 .ARM.attributes
                0x0000000000000122       0x34 ./Core/Src/dwt_stm32_delay.o
 .ARM.attributes
                0x0000000000000156       0x34 ./Core/Src/gpio.o
 .ARM.attributes
                0x000000000000018a       0x34 ./Core/Src/i2c.o
 .ARM.attributes
                0x00000000000001be       0x34 ./Core/Src/main.o
 .ARM.attributes
                0x00000000000001f2       0x34 ./Core/Src/spi.o
 .ARM.attributes
                0x0000000000000226       0x34 ./Core/Src/stm32l4xx_hal_msp.o
 .ARM.attributes
                0x000000000000025a       0x34 ./Core/Src/stm32l4xx_it.o
 .ARM.attributes
                0x000000000000028e       0x34 ./Core/Src/sysmem.o
 .ARM.attributes
                0x00000000000002c2       0x34 ./Core/Src/system_stm32l4xx.o
 .ARM.attributes
                0x00000000000002f6       0x34 ./Core/Src/usart.o
 .ARM.attributes
                0x000000000000032a       0x21 ./Core/Startup/startup_stm32l476vgtx.o
 .ARM.attributes
                0x000000000000034b       0x34 ./Drivers/STM32L4xx_HAL_Driver/Src/stm32l4xx_hal.o
 .ARM.attributes
                0x000000000000037f       0x34 ./Drivers/STM32L4xx_HAL_Driver/Src/stm32l4xx_hal_cortex.o
 .ARM.attributes
                0x00000000000003b3       0x34 ./Drivers/STM32L4xx_HAL_Driver/Src/stm32l4xx_hal_gpio.o
 .ARM.attributes
                0x00000000000003e7       0x34 ./Drivers/STM32L4xx_HAL_Driver/Src/stm32l4xx_hal_i2c.o
 .ARM.attributes
                0x000000000000041b       0x34 ./Drivers/STM32L4xx_HAL_Driver/Src/stm32l4xx_hal_i2c_ex.o
 .ARM.attributes
                0x000000000000044f       0x34 ./Drivers/STM32L4xx_HAL_Driver/Src/stm32l4xx_hal_pwr_ex.o
 .ARM.attributes
                0x0000000000000483       0x34 ./Drivers/STM32L4xx_HAL_Driver/Src/stm32l4xx_hal_rcc.o
 .ARM.attributes
                0x00000000000004b7       0x34 ./Drivers/STM32L4xx_HAL_Driver/Src/stm32l4xx_hal_rcc_ex.o
 .ARM.attributes
                0x00000000000004eb       0x34 ./Drivers/STM32L4xx_HAL_Driver/Src/stm32l4xx_hal_spi.o
 .ARM.attributes
                0x000000000000051f       0x34 ./Drivers/STM32L4xx_HAL_Driver/Src/stm32l4xx_hal_uart.o
 .ARM.attributes
                0x0000000000000553       0x34 g:/stm32/stm32cubeide_1.7.0/stm32cubeide/plugins/com.st.stm32cube.ide.mcu.externaltools.gnu-tools-for-stm32.9-2020-q2-update.win32_2.0.0.202105311346/tools/bin/../lib/gcc/arm-none-eabi/9.3.1/../../../../arm-none-eabi/lib/thumb/v7e-m+fp/hard\libc_nano.a(lib_a-errno.o)
 .ARM.attributes
                0x0000000000000587       0x32 g:/stm32/stm32cubeide_1.7.0/stm32cubeide/plugins/com.st.stm32cube.ide.mcu.externaltools.gnu-tools-for-stm32.9-2020-q2-update.win32_2.0.0.202105311346/tools/bin/../lib/gcc/arm-none-eabi/9.3.1/../../../../arm-none-eabi/lib/thumb/v7e-m+fp/hard\libc_nano.a(lib_a-impure.o)
 .ARM.attributes
                0x00000000000005b9       0x34 g:/stm32/stm32cubeide_1.7.0/stm32cubeide/plugins/com.st.stm32cube.ide.mcu.externaltools.gnu-tools-for-stm32.9-2020-q2-update.win32_2.0.0.202105311346/tools/bin/../lib/gcc/arm-none-eabi/9.3.1/../../../../arm-none-eabi/lib/thumb/v7e-m+fp/hard\libc_nano.a(lib_a-init.o)
 .ARM.attributes
                0x00000000000005ed       0x34 g:/stm32/stm32cubeide_1.7.0/stm32cubeide/plugins/com.st.stm32cube.ide.mcu.externaltools.gnu-tools-for-stm32.9-2020-q2-update.win32_2.0.0.202105311346/tools/bin/../lib/gcc/arm-none-eabi/9.3.1/../../../../arm-none-eabi/lib/thumb/v7e-m+fp/hard\libc_nano.a(lib_a-memset.o)
 .ARM.attributes
                0x0000000000000621       0x34 g:/stm32/stm32cubeide_1.7.0/stm32cubeide/plugins/com.st.stm32cube.ide.mcu.externaltools.gnu-tools-for-stm32.9-2020-q2-update.win32_2.0.0.202105311346/tools/bin/../lib/gcc/arm-none-eabi/9.3.1/../../../../arm-none-eabi/lib/thumb/v7e-m+fp/hard\libc_nano.a(lib_a-sprintf.o)
 .ARM.attributes
                0x0000000000000655       0x34 g:/stm32/stm32cubeide_1.7.0/stm32cubeide/plugins/com.st.stm32cube.ide.mcu.externaltools.gnu-tools-for-stm32.9-2020-q2-update.win32_2.0.0.202105311346/tools/bin/../lib/gcc/arm-none-eabi/9.3.1/../../../../arm-none-eabi/lib/thumb/v7e-m+fp/hard\libc_nano.a(lib_a-nano-svfprintf.o)
 .ARM.attributes
                0x0000000000000689       0x34 g:/stm32/stm32cubeide_1.7.0/stm32cubeide/plugins/com.st.stm32cube.ide.mcu.externaltools.gnu-tools-for-stm32.9-2020-q2-update.win32_2.0.0.202105311346/tools/bin/../lib/gcc/arm-none-eabi/9.3.1/../../../../arm-none-eabi/lib/thumb/v7e-m+fp/hard\libc_nano.a(lib_a-nano-vfprintf_i.o)
 .ARM.attributes
                0x00000000000006bd       0x1c g:/stm32/stm32cubeide_1.7.0/stm32cubeide/plugins/com.st.stm32cube.ide.mcu.externaltools.gnu-tools-for-stm32.9-2020-q2-update.win32_2.0.0.202105311346/tools/bin/../lib/gcc/arm-none-eabi/9.3.1/../../../../arm-none-eabi/lib/thumb/v7e-m+fp/hard\libc_nano.a(lib_a-memchr.o)
 .ARM.attributes
                0x00000000000006d9       0x34 g:/stm32/stm32cubeide_1.7.0/stm32cubeide/plugins/com.st.stm32cube.ide.mcu.externaltools.gnu-tools-for-stm32.9-2020-q2-update.win32_2.0.0.202105311346/tools/bin/../lib/gcc/arm-none-eabi/9.3.1/../../../../arm-none-eabi/lib/thumb/v7e-m+fp/hard\libc_nano.a(lib_a-memcpy-stub.o)
 .ARM.attributes
                0x000000000000070d       0x34 g:/stm32/stm32cubeide_1.7.0/stm32cubeide/plugins/com.st.stm32cube.ide.mcu.externaltools.gnu-tools-for-stm32.9-2020-q2-update.win32_2.0.0.202105311346/tools/bin/../lib/gcc/arm-none-eabi/9.3.1/../../../../arm-none-eabi/lib/thumb/v7e-m+fp/hard\libc_nano.a(lib_a-memmove.o)
 .ARM.attributes
                0x0000000000000741       0x34 g:/stm32/stm32cubeide_1.7.0/stm32cubeide/plugins/com.st.stm32cube.ide.mcu.externaltools.gnu-tools-for-stm32.9-2020-q2-update.win32_2.0.0.202105311346/tools/bin/../lib/gcc/arm-none-eabi/9.3.1/../../../../arm-none-eabi/lib/thumb/v7e-m+fp/hard\libc_nano.a(lib_a-nano-freer.o)
 .ARM.attributes
                0x0000000000000775       0x34 g:/stm32/stm32cubeide_1.7.0/stm32cubeide/plugins/com.st.stm32cube.ide.mcu.externaltools.gnu-tools-for-stm32.9-2020-q2-update.win32_2.0.0.202105311346/tools/bin/../lib/gcc/arm-none-eabi/9.3.1/../../../../arm-none-eabi/lib/thumb/v7e-m+fp/hard\libc_nano.a(lib_a-nano-mallocr.o)
 .ARM.attributes
                0x00000000000007a9       0x34 g:/stm32/stm32cubeide_1.7.0/stm32cubeide/plugins/com.st.stm32cube.ide.mcu.externaltools.gnu-tools-for-stm32.9-2020-q2-update.win32_2.0.0.202105311346/tools/bin/../lib/gcc/arm-none-eabi/9.3.1/../../../../arm-none-eabi/lib/thumb/v7e-m+fp/hard\libc_nano.a(lib_a-nano-reallocr.o)
 .ARM.attributes
                0x00000000000007dd       0x34 g:/stm32/stm32cubeide_1.7.0/stm32cubeide/plugins/com.st.stm32cube.ide.mcu.externaltools.gnu-tools-for-stm32.9-2020-q2-update.win32_2.0.0.202105311346/tools/bin/../lib/gcc/arm-none-eabi/9.3.1/../../../../arm-none-eabi/lib/thumb/v7e-m+fp/hard\libc_nano.a(lib_a-sbrkr.o)
 .ARM.attributes
                0x0000000000000811       0x34 g:/stm32/stm32cubeide_1.7.0/stm32cubeide/plugins/com.st.stm32cube.ide.mcu.externaltools.gnu-tools-for-stm32.9-2020-q2-update.win32_2.0.0.202105311346/tools/bin/../lib/gcc/arm-none-eabi/9.3.1/../../../../arm-none-eabi/lib/thumb/v7e-m+fp/hard\libc_nano.a(lib_a-mlock.o)
 .ARM.attributes
                0x0000000000000845       0x34 g:/stm32/stm32cubeide_1.7.0/stm32cubeide/plugins/com.st.stm32cube.ide.mcu.externaltools.gnu-tools-for-stm32.9-2020-q2-update.win32_2.0.0.202105311346/tools/bin/../lib/gcc/arm-none-eabi/9.3.1/../../../../arm-none-eabi/lib/thumb/v7e-m+fp/hard\libc_nano.a(lib_a-nano-msizer.o)
 .ARM.attributes
                0x0000000000000879       0x34 g:/stm32/stm32cubeide_1.7.0/stm32cubeide/plugins/com.st.stm32cube.ide.mcu.externaltools.gnu-tools-for-stm32.9-2020-q2-update.win32_2.0.0.202105311346/tools/bin/../lib/gcc/arm-none-eabi/9.3.1/../../../../arm-none-eabi/lib/thumb/v7e-m+fp/hard\libc_nano.a(lib_a-reent.o)
 .ARM.attributes
                0x00000000000008ad       0x34 g:/stm32/stm32cubeide_1.7.0/stm32cubeide/plugins/com.st.stm32cube.ide.mcu.externaltools.gnu-tools-for-stm32.9-2020-q2-update.win32_2.0.0.202105311346/tools/bin/../lib/gcc/arm-none-eabi/9.3.1/../../../../arm-none-eabi/lib/thumb/v7e-m+fp/hard\libc_nano.a(lib_a-lock.o)
 .ARM.attributes
                0x00000000000008e1       0x1e g:/stm32/stm32cubeide_1.7.0/stm32cubeide/plugins/com.st.stm32cube.ide.mcu.externaltools.gnu-tools-for-stm32.9-2020-q2-update.win32_2.0.0.202105311346/tools/bin/../lib/gcc/arm-none-eabi/9.3.1/thumb/v7e-m+fp/hard\libgcc.a(_arm_addsubdf3.o)
 .ARM.attributes
                0x00000000000008ff       0x1e g:/stm32/stm32cubeide_1.7.0/stm32cubeide/plugins/com.st.stm32cube.ide.mcu.externaltools.gnu-tools-for-stm32.9-2020-q2-update.win32_2.0.0.202105311346/tools/bin/../lib/gcc/arm-none-eabi/9.3.1/thumb/v7e-m+fp/hard\libgcc.a(_arm_muldivdf3.o)
 .ARM.attributes
                0x000000000000091d       0x1e g:/stm32/stm32cubeide_1.7.0/stm32cubeide/plugins/com.st.stm32cube.ide.mcu.externaltools.gnu-tools-for-stm32.9-2020-q2-update.win32_2.0.0.202105311346/tools/bin/../lib/gcc/arm-none-eabi/9.3.1/thumb/v7e-m+fp/hard\libgcc.a(_arm_fixunsdfsi.o)
 .ARM.attributes
                0x000000000000093b       0x1e g:/stm32/stm32cubeide_1.7.0/stm32cubeide/plugins/com.st.stm32cube.ide.mcu.externaltools.gnu-tools-for-stm32.9-2020-q2-update.win32_2.0.0.202105311346/tools/bin/../lib/gcc/arm-none-eabi/9.3.1/thumb/v7e-m+fp/hard\libgcc.a(_aeabi_ldivmod.o)
 .ARM.attributes
                0x0000000000000959       0x1e g:/stm32/stm32cubeide_1.7.0/stm32cubeide/plugins/com.st.stm32cube.ide.mcu.externaltools.gnu-tools-for-stm32.9-2020-q2-update.win32_2.0.0.202105311346/tools/bin/../lib/gcc/arm-none-eabi/9.3.1/thumb/v7e-m+fp/hard\libgcc.a(_aeabi_uldivmod.o)
 .ARM.attributes
                0x0000000000000977       0x34 g:/stm32/stm32cubeide_1.7.0/stm32cubeide/plugins/com.st.stm32cube.ide.mcu.externaltools.gnu-tools-for-stm32.9-2020-q2-update.win32_2.0.0.202105311346/tools/bin/../lib/gcc/arm-none-eabi/9.3.1/thumb/v7e-m+fp/hard\libgcc.a(_udivmoddi4.o)
 .ARM.attributes
                0x00000000000009ab       0x1e g:/stm32/stm32cubeide_1.7.0/stm32cubeide/plugins/com.st.stm32cube.ide.mcu.externaltools.gnu-tools-for-stm32.9-2020-q2-update.win32_2.0.0.202105311346/tools/bin/../lib/gcc/arm-none-eabi/9.3.1/thumb/v7e-m+fp/hard\libgcc.a(_dvmd_tls.o)
 .ARM.attributes
                0x00000000000009c9       0x1e g:/stm32/stm32cubeide_1.7.0/stm32cubeide/plugins/com.st.stm32cube.ide.mcu.externaltools.gnu-tools-for-stm32.9-2020-q2-update.win32_2.0.0.202105311346/tools/bin/../lib/gcc/arm-none-eabi/9.3.1/thumb/v7e-m+fp/hard/crtn.o
OUTPUT(IoT_WeatherStation.elf elf32-littlearm)
LOAD linker stubs
LOAD g:/stm32/stm32cubeide_1.7.0/stm32cubeide/plugins/com.st.stm32cube.ide.mcu.externaltools.gnu-tools-for-stm32.9-2020-q2-update.win32_2.0.0.202105311346/tools/bin/../lib/gcc/arm-none-eabi/9.3.1/../../../../arm-none-eabi/lib/thumb/v7e-m+fp/hard\libc.a
LOAD g:/stm32/stm32cubeide_1.7.0/stm32cubeide/plugins/com.st.stm32cube.ide.mcu.externaltools.gnu-tools-for-stm32.9-2020-q2-update.win32_2.0.0.202105311346/tools/bin/../lib/gcc/arm-none-eabi/9.3.1/../../../../arm-none-eabi/lib/thumb/v7e-m+fp/hard\libm.a
LOAD g:/stm32/stm32cubeide_1.7.0/stm32cubeide/plugins/com.st.stm32cube.ide.mcu.externaltools.gnu-tools-for-stm32.9-2020-q2-update.win32_2.0.0.202105311346/tools/bin/../lib/gcc/arm-none-eabi/9.3.1/thumb/v7e-m+fp/hard\libgcc.a

.debug_info     0x0000000000000000    0x15455
 .debug_info    0x0000000000000000      0xa22 ./Core/Src/BH1750.o
 .debug_info    0x0000000000000a22      0x770 ./Core/Src/DHT11.o
 .debug_info    0x0000000000001192      0xc50 ./Core/Src/NRF24L01.o
 .debug_info    0x0000000000001de2     0x15cc ./Core/Src/bmpxx80.o
 .debug_info    0x00000000000033ae      0x4a6 ./Core/Src/dwt_stm32_delay.o
 .debug_info    0x0000000000003854      0x719 ./Core/Src/gpio.o
 .debug_info    0x0000000000003f6d      0xe4b ./Core/Src/i2c.o
 .debug_info    0x0000000000004db8     0x1ce2 ./Core/Src/main.o
 .debug_info    0x0000000000006a9a      0xbd0 ./Core/Src/spi.o
 .debug_info    0x000000000000766a      0x545 ./Core/Src/stm32l4xx_hal_msp.o
 .debug_info    0x0000000000007baf      0x373 ./Core/Src/stm32l4xx_it.o
 .debug_info    0x0000000000007f22      0xa25 ./Core/Src/sysmem.o
 .debug_info    0x0000000000008947      0x779 ./Core/Src/system_stm32l4xx.o
 .debug_info    0x00000000000090c0      0xf28 ./Core/Src/usart.o
 .debug_info    0x0000000000009fe8       0x22 ./Core/Startup/startup_stm32l476vgtx.o
 .debug_info    0x000000000000a00a      0xcb9 ./Drivers/STM32L4xx_HAL_Driver/Src/stm32l4xx_hal.o
 .debug_info    0x000000000000acc3     0x102e ./Drivers/STM32L4xx_HAL_Driver/Src/stm32l4xx_hal_cortex.o
 .debug_info    0x000000000000bcf1      0xa5f ./Drivers/STM32L4xx_HAL_Driver/Src/stm32l4xx_hal_gpio.o
 .debug_info    0x000000000000c750     0x22fd ./Drivers/STM32L4xx_HAL_Driver/Src/stm32l4xx_hal_i2c.o
 .debug_info    0x000000000000ea4d      0xc29 ./Drivers/STM32L4xx_HAL_Driver/Src/stm32l4xx_hal_i2c_ex.o
 .debug_info    0x000000000000f676      0xbda ./Drivers/STM32L4xx_HAL_Driver/Src/stm32l4xx_hal_pwr_ex.o
 .debug_info    0x0000000000010250      0xe0b ./Drivers/STM32L4xx_HAL_Driver/Src/stm32l4xx_hal_rcc.o
 .debug_info    0x000000000001105b     0x103f ./Drivers/STM32L4xx_HAL_Driver/Src/stm32l4xx_hal_rcc_ex.o
 .debug_info    0x000000000001209a     0x18f8 ./Drivers/STM32L4xx_HAL_Driver/Src/stm32l4xx_hal_spi.o
 .debug_info    0x0000000000013992     0x1ac3 ./Drivers/STM32L4xx_HAL_Driver/Src/stm32l4xx_hal_uart.o

.debug_abbrev   0x0000000000000000     0x2f49
 .debug_abbrev  0x0000000000000000      0x1d6 ./Core/Src/BH1750.o
 .debug_abbrev  0x00000000000001d6      0x1dd ./Core/Src/DHT11.o
 .debug_abbrev  0x00000000000003b3      0x259 ./Core/Src/NRF24L01.o
 .debug_abbrev  0x000000000000060c      0x2de ./Core/Src/bmpxx80.o
 .debug_abbrev  0x00000000000008ea      0x109 ./Core/Src/dwt_stm32_delay.o
 .debug_abbrev  0x00000000000009f3      0x14e ./Core/Src/gpio.o
 .debug_abbrev  0x0000000000000b41      0x1c6 ./Core/Src/i2c.o
 .debug_abbrev  0x0000000000000d07      0x286 ./Core/Src/main.o
 .debug_abbrev  0x0000000000000f8d      0x1bb ./Core/Src/spi.o
 .debug_abbrev  0x0000000000001148      0x13d ./Core/Src/stm32l4xx_hal_msp.o
 .debug_abbrev  0x0000000000001285       0xf2 ./Core/Src/stm32l4xx_it.o
 .debug_abbrev  0x0000000000001377      0x1bf ./Core/Src/sysmem.o
 .debug_abbrev  0x0000000000001536      0x165 ./Core/Src/system_stm32l4xx.o
 .debug_abbrev  0x000000000000169b      0x1bb ./Core/Src/usart.o
 .debug_abbrev  0x0000000000001856       0x12 ./Core/Startup/startup_stm32l476vgtx.o
 .debug_abbrev  0x0000000000001868      0x227 ./Drivers/STM32L4xx_HAL_Driver/Src/stm32l4xx_hal.o
 .debug_abbrev  0x0000000000001a8f      0x33c ./Drivers/STM32L4xx_HAL_Driver/Src/stm32l4xx_hal_cortex.o
 .debug_abbrev  0x0000000000001dcb      0x1e8 ./Drivers/STM32L4xx_HAL_Driver/Src/stm32l4xx_hal_gpio.o
 .debug_abbrev  0x0000000000001fb3      0x256 ./Drivers/STM32L4xx_HAL_Driver/Src/stm32l4xx_hal_i2c.o
 .debug_abbrev  0x0000000000002209      0x1dd ./Drivers/STM32L4xx_HAL_Driver/Src/stm32l4xx_hal_i2c_ex.o
 .debug_abbrev  0x00000000000023e6      0x1f3 ./Drivers/STM32L4xx_HAL_Driver/Src/stm32l4xx_hal_pwr_ex.o
 .debug_abbrev  0x00000000000025d9      0x275 ./Drivers/STM32L4xx_HAL_Driver/Src/stm32l4xx_hal_rcc.o
 .debug_abbrev  0x000000000000284e      0x268 ./Drivers/STM32L4xx_HAL_Driver/Src/stm32l4xx_hal_rcc_ex.o
 .debug_abbrev  0x0000000000002ab6      0x254 ./Drivers/STM32L4xx_HAL_Driver/Src/stm32l4xx_hal_spi.o
 .debug_abbrev  0x0000000000002d0a      0x23f ./Drivers/STM32L4xx_HAL_Driver/Src/stm32l4xx_hal_uart.o

.debug_aranges  0x0000000000000000      0xfc0
 .debug_aranges
                0x0000000000000000       0x50 ./Core/Src/BH1750.o
 .debug_aranges
                0x0000000000000050       0x50 ./Core/Src/DHT11.o
 .debug_aranges
                0x00000000000000a0       0xa0 ./Core/Src/NRF24L01.o
 .debug_aranges
                0x0000000000000140       0x70 ./Core/Src/bmpxx80.o
 .debug_aranges
                0x00000000000001b0       0x20 ./Core/Src/dwt_stm32_delay.o
 .debug_aranges
                0x00000000000001d0       0x20 ./Core/Src/gpio.o
 .debug_aranges
                0x00000000000001f0       0x30 ./Core/Src/i2c.o
 .debug_aranges
                0x0000000000000220       0x38 ./Core/Src/main.o
 .debug_aranges
                0x0000000000000258       0x30 ./Core/Src/spi.o
 .debug_aranges
                0x0000000000000288       0x20 ./Core/Src/stm32l4xx_hal_msp.o
 .debug_aranges
                0x00000000000002a8       0x60 ./Core/Src/stm32l4xx_it.o
 .debug_aranges
                0x0000000000000308       0x20 ./Core/Src/sysmem.o
 .debug_aranges
                0x0000000000000328       0x28 ./Core/Src/system_stm32l4xx.o
 .debug_aranges
                0x0000000000000350       0x38 ./Core/Src/usart.o
 .debug_aranges
                0x0000000000000388       0x28 ./Core/Startup/startup_stm32l476vgtx.o
 .debug_aranges
                0x00000000000003b0      0x130 ./Drivers/STM32L4xx_HAL_Driver/Src/stm32l4xx_hal.o
 .debug_aranges
                0x00000000000004e0      0x118 ./Drivers/STM32L4xx_HAL_Driver/Src/stm32l4xx_hal_cortex.o
 .debug_aranges
                0x00000000000005f8       0x58 ./Drivers/STM32L4xx_HAL_Driver/Src/stm32l4xx_hal_gpio.o
 .debug_aranges
                0x0000000000000650      0x290 ./Drivers/STM32L4xx_HAL_Driver/Src/stm32l4xx_hal_i2c.o
 .debug_aranges
                0x00000000000008e0       0x48 ./Drivers/STM32L4xx_HAL_Driver/Src/stm32l4xx_hal_i2c_ex.o
 .debug_aranges
                0x0000000000000928      0x150 ./Drivers/STM32L4xx_HAL_Driver/Src/stm32l4xx_hal_pwr_ex.o
 .debug_aranges
                0x0000000000000a78       0x88 ./Drivers/STM32L4xx_HAL_Driver/Src/stm32l4xx_hal_rcc.o
 .debug_aranges
                0x0000000000000b00       0xc0 ./Drivers/STM32L4xx_HAL_Driver/Src/stm32l4xx_hal_rcc_ex.o
 .debug_aranges
                0x0000000000000bc0      0x1d8 ./Drivers/STM32L4xx_HAL_Driver/Src/stm32l4xx_hal_spi.o
 .debug_aranges
                0x0000000000000d98      0x228 ./Drivers/STM32L4xx_HAL_Driver/Src/stm32l4xx_hal_uart.o

.debug_ranges   0x0000000000000000      0xe68
 .debug_ranges  0x0000000000000000       0x40 ./Core/Src/BH1750.o
 .debug_ranges  0x0000000000000040       0x40 ./Core/Src/DHT11.o
 .debug_ranges  0x0000000000000080       0x90 ./Core/Src/NRF24L01.o
 .debug_ranges  0x0000000000000110       0x60 ./Core/Src/bmpxx80.o
 .debug_ranges  0x0000000000000170       0x10 ./Core/Src/dwt_stm32_delay.o
 .debug_ranges  0x0000000000000180       0x10 ./Core/Src/gpio.o
 .debug_ranges  0x0000000000000190       0x20 ./Core/Src/i2c.o
 .debug_ranges  0x00000000000001b0       0x28 ./Core/Src/main.o
 .debug_ranges  0x00000000000001d8       0x20 ./Core/Src/spi.o
 .debug_ranges  0x00000000000001f8       0x10 ./Core/Src/stm32l4xx_hal_msp.o
 .debug_ranges  0x0000000000000208       0x50 ./Core/Src/stm32l4xx_it.o
 .debug_ranges  0x0000000000000258       0x10 ./Core/Src/sysmem.o
 .debug_ranges  0x0000000000000268       0x18 ./Core/Src/system_stm32l4xx.o
 .debug_ranges  0x0000000000000280       0x28 ./Core/Src/usart.o
 .debug_ranges  0x00000000000002a8       0x20 ./Core/Startup/startup_stm32l476vgtx.o
 .debug_ranges  0x00000000000002c8      0x120 ./Drivers/STM32L4xx_HAL_Driver/Src/stm32l4xx_hal.o
 .debug_ranges  0x00000000000003e8      0x108 ./Drivers/STM32L4xx_HAL_Driver/Src/stm32l4xx_hal_cortex.o
 .debug_ranges  0x00000000000004f0       0x48 ./Drivers/STM32L4xx_HAL_Driver/Src/stm32l4xx_hal_gpio.o
 .debug_ranges  0x0000000000000538      0x280 ./Drivers/STM32L4xx_HAL_Driver/Src/stm32l4xx_hal_i2c.o
 .debug_ranges  0x00000000000007b8       0x38 ./Drivers/STM32L4xx_HAL_Driver/Src/stm32l4xx_hal_i2c_ex.o
 .debug_ranges  0x00000000000007f0      0x140 ./Drivers/STM32L4xx_HAL_Driver/Src/stm32l4xx_hal_pwr_ex.o
 .debug_ranges  0x0000000000000930       0x78 ./Drivers/STM32L4xx_HAL_Driver/Src/stm32l4xx_hal_rcc.o
 .debug_ranges  0x00000000000009a8       0xb0 ./Drivers/STM32L4xx_HAL_Driver/Src/stm32l4xx_hal_rcc_ex.o
 .debug_ranges  0x0000000000000a58      0x1c8 ./Drivers/STM32L4xx_HAL_Driver/Src/stm32l4xx_hal_spi.o
 .debug_ranges  0x0000000000000c20      0x248 ./Drivers/STM32L4xx_HAL_Driver/Src/stm32l4xx_hal_uart.o

.debug_macro    0x0000000000000000    0x280df
 .debug_macro   0x0000000000000000      0x200 ./Core/Src/BH1750.o
 .debug_macro   0x0000000000000200      0xaa8 ./Core/Src/BH1750.o
 .debug_macro   0x0000000000000ca8      0x1ad ./Core/Src/BH1750.o
 .debug_macro   0x0000000000000e55       0x2e ./Core/Src/BH1750.o
 .debug_macro   0x0000000000000e83       0x28 ./Core/Src/BH1750.o
 .debug_macro   0x0000000000000eab       0x22 ./Core/Src/BH1750.o
 .debug_macro   0x0000000000000ecd       0x8e ./Core/Src/BH1750.o
 .debug_macro   0x0000000000000f5b       0x51 ./Core/Src/BH1750.o
 .debug_macro   0x0000000000000fac      0x103 ./Core/Src/BH1750.o
 .debug_macro   0x00000000000010af       0x6a ./Core/Src/BH1750.o
 .debug_macro   0x0000000000001119      0x1df ./Core/Src/BH1750.o
 .debug_macro   0x00000000000012f8       0x1c ./Core/Src/BH1750.o
 .debug_macro   0x0000000000001314       0x22 ./Core/Src/BH1750.o
 .debug_macro   0x0000000000001336      0x101 ./Core/Src/BH1750.o
 .debug_macro   0x0000000000001437     0x1011 ./Core/Src/BH1750.o
 .debug_macro   0x0000000000002448      0x11f ./Core/Src/BH1750.o
 .debug_macro   0x0000000000002567    0x1a13d ./Core/Src/BH1750.o
 .debug_macro   0x000000000001c6a4       0x43 ./Core/Src/BH1750.o
 .debug_macro   0x000000000001c6e7     0x3897 ./Core/Src/BH1750.o
 .debug_macro   0x000000000001ff7e      0x174 ./Core/Src/BH1750.o
 .debug_macro   0x00000000000200f2       0x5c ./Core/Src/BH1750.o
 .debug_macro   0x000000000002014e     0x155f ./Core/Src/BH1750.o
 .debug_macro   0x00000000000216ad      0x59e ./Core/Src/BH1750.o
 .debug_macro   0x0000000000021c4b      0x13d ./Core/Src/BH1750.o
 .debug_macro   0x0000000000021d88      0x18b ./Core/Src/BH1750.o
 .debug_macro   0x0000000000021f13      0x26b ./Core/Src/BH1750.o
 .debug_macro   0x000000000002217e      0x23d ./Core/Src/BH1750.o
 .debug_macro   0x00000000000223bb      0x241 ./Core/Src/BH1750.o
 .debug_macro   0x00000000000225fc      0x37c ./Core/Src/BH1750.o
 .debug_macro   0x0000000000022978       0xd6 ./Core/Src/BH1750.o
 .debug_macro   0x0000000000022a4e      0x22c ./Core/Src/BH1750.o
 .debug_macro   0x0000000000022c7a       0x61 ./Core/Src/BH1750.o
 .debug_macro   0x0000000000022cdb       0xa5 ./Core/Src/BH1750.o
 .debug_macro   0x0000000000022d80      0x122 ./Core/Src/BH1750.o
 .debug_macro   0x0000000000022ea2      0x3e9 ./Core/Src/BH1750.o
 .debug_macro   0x000000000002328b      0x2fe ./Core/Src/BH1750.o
 .debug_macro   0x0000000000023589      0x5ba ./Core/Src/BH1750.o
 .debug_macro   0x0000000000023b43       0x44 ./Core/Src/BH1750.o
 .debug_macro   0x0000000000023b87      0x331 ./Core/Src/BH1750.o
 .debug_macro   0x0000000000023eb8       0x34 ./Core/Src/BH1750.o
 .debug_macro   0x0000000000023eec       0x2e ./Core/Src/BH1750.o
 .debug_macro   0x0000000000023f1a      0x202 ./Core/Src/DHT11.o
 .debug_macro   0x000000000002411c       0x10 ./Core/Src/DHT11.o
 .debug_macro   0x000000000002412c      0x206 ./Core/Src/NRF24L01.o
 .debug_macro   0x0000000000024332       0xee ./Core/Src/NRF24L01.o
 .debug_macro   0x0000000000024420      0x2ab ./Core/Src/bmpxx80.o
 .debug_macro   0x00000000000246cb      0x158 ./Core/Src/bmpxx80.o
 .debug_macro   0x0000000000024823       0x52 ./Core/Src/bmpxx80.o
 .debug_macro   0x0000000000024875       0x18 ./Core/Src/bmpxx80.o
 .debug_macro   0x000000000002488d       0x3c ./Core/Src/bmpxx80.o
 .debug_macro   0x00000000000248c9       0x34 ./Core/Src/bmpxx80.o
 .debug_macro   0x00000000000248fd       0x16 ./Core/Src/bmpxx80.o
 .debug_macro   0x0000000000024913       0x43 ./Core/Src/bmpxx80.o
 .debug_macro   0x0000000000024956       0x34 ./Core/Src/bmpxx80.o
 .debug_macro   0x000000000002498a       0x10 ./Core/Src/bmpxx80.o
 .debug_macro   0x000000000002499a       0x58 ./Core/Src/bmpxx80.o
 .debug_macro   0x00000000000249f2       0x71 ./Core/Src/bmpxx80.o
 .debug_macro   0x0000000000024a63       0x1c ./Core/Src/bmpxx80.o
 .debug_macro   0x0000000000024a7f      0x12a ./Core/Src/bmpxx80.o
 .debug_macro   0x0000000000024ba9      0x333 ./Core/Src/bmpxx80.o
 .debug_macro   0x0000000000024edc      0x1a9 ./Core/Src/bmpxx80.o
 .debug_macro   0x0000000000025085      0x1f3 ./Core/Src/dwt_stm32_delay.o
 .debug_macro   0x0000000000025278      0x1f3 ./Core/Src/gpio.o
 .debug_macro   0x000000000002546b      0x1f3 ./Core/Src/i2c.o
 .debug_macro   0x000000000002565e      0x3ac ./Core/Src/main.o
 .debug_macro   0x0000000000025a0a      0x158 ./Core/Src/main.o
 .debug_macro   0x0000000000025b62       0x2e ./Core/Src/main.o
 .debug_macro   0x0000000000025b90       0x16 ./Core/Src/main.o
 .debug_macro   0x0000000000025ba6       0x35 ./Core/Src/main.o
 .debug_macro   0x0000000000025bdb       0x10 ./Core/Src/main.o
 .debug_macro   0x0000000000025beb       0x10 ./Core/Src/main.o
 .debug_macro   0x0000000000025bfb       0x1c ./Core/Src/main.o
 .debug_macro   0x0000000000025c17       0x52 ./Core/Src/main.o
 .debug_macro   0x0000000000025c69       0x22 ./Core/Src/main.o
 .debug_macro   0x0000000000025c8b       0x10 ./Core/Src/main.o
 .debug_macro   0x0000000000025c9b       0x40 ./Core/Src/main.o
 .debug_macro   0x0000000000025cdb       0xd5 ./Core/Src/main.o
 .debug_macro   0x0000000000025db0       0x1c ./Core/Src/main.o
 .debug_macro   0x0000000000025dcc       0x3d ./Core/Src/main.o
 .debug_macro   0x0000000000025e09       0x16 ./Core/Src/main.o
 .debug_macro   0x0000000000025e1f      0x145 ./Core/Src/main.o
 .debug_macro   0x0000000000025f64      0x1f3 ./Core/Src/spi.o
 .debug_macro   0x0000000000026157      0x1e9 ./Core/Src/stm32l4xx_hal_msp.o
 .debug_macro   0x0000000000026340      0x1f3 ./Core/Src/stm32l4xx_it.o
 .debug_macro   0x0000000000026533       0xff ./Core/Src/sysmem.o
 .debug_macro   0x0000000000026632      0x23b ./Core/Src/sysmem.o
 .debug_macro   0x000000000002686d      0x1da ./Core/Src/system_stm32l4xx.o
 .debug_macro   0x0000000000026a47      0x1f3 ./Core/Src/usart.o
 .debug_macro   0x0000000000026c3a      0x228 ./Drivers/STM32L4xx_HAL_Driver/Src/stm32l4xx_hal.o
 .debug_macro   0x0000000000026e62      0x1da ./Drivers/STM32L4xx_HAL_Driver/Src/stm32l4xx_hal_cortex.o
 .debug_macro   0x000000000002703c      0x219 ./Drivers/STM32L4xx_HAL_Driver/Src/stm32l4xx_hal_gpio.o
 .debug_macro   0x0000000000027255      0x29f ./Drivers/STM32L4xx_HAL_Driver/Src/stm32l4xx_hal_i2c.o
 .debug_macro   0x00000000000274f4      0x1da ./Drivers/STM32L4xx_HAL_Driver/Src/stm32l4xx_hal_i2c_ex.o
 .debug_macro   0x00000000000276ce      0x1fe ./Drivers/STM32L4xx_HAL_Driver/Src/stm32l4xx_hal_pwr_ex.o
 .debug_macro   0x00000000000278cc      0x21c ./Drivers/STM32L4xx_HAL_Driver/Src/stm32l4xx_hal_rcc.o
 .debug_macro   0x0000000000027ae8      0x210 ./Drivers/STM32L4xx_HAL_Driver/Src/stm32l4xx_hal_rcc_ex.o
 .debug_macro   0x0000000000027cf8      0x1e2 ./Drivers/STM32L4xx_HAL_Driver/Src/stm32l4xx_hal_spi.o
 .debug_macro   0x0000000000027eda      0x205 ./Drivers/STM32L4xx_HAL_Driver/Src/stm32l4xx_hal_uart.o

.debug_line     0x0000000000000000    0x13f33
 .debug_line    0x0000000000000000      0x87c ./Core/Src/BH1750.o
 .debug_line    0x000000000000087c      0x89a ./Core/Src/DHT11.o
 .debug_line    0x0000000000001116      0xa0f ./Core/Src/NRF24L01.o
 .debug_line    0x0000000000001b25      0xbf1 ./Core/Src/bmpxx80.o
 .debug_line    0x0000000000002716      0x72e ./Core/Src/dwt_stm32_delay.o
 .debug_line    0x0000000000002e44      0x765 ./Core/Src/gpio.o
 .debug_line    0x00000000000035a9      0x795 ./Core/Src/i2c.o
 .debug_line    0x0000000000003d3e      0xa49 ./Core/Src/main.o
 .debug_line    0x0000000000004787      0x77d ./Core/Src/spi.o
 .debug_line    0x0000000000004f04      0x705 ./Core/Src/stm32l4xx_hal_msp.o
 .debug_line    0x0000000000005609      0x7c7 ./Core/Src/stm32l4xx_it.o
 .debug_line    0x0000000000005dd0      0x507 ./Core/Src/sysmem.o
 .debug_line    0x00000000000062d7      0x7b5 ./Core/Src/system_stm32l4xx.o
 .debug_line    0x0000000000006a8c      0x805 ./Core/Src/usart.o
 .debug_line    0x0000000000007291       0x87 ./Core/Startup/startup_stm32l476vgtx.o
 .debug_line    0x0000000000007318      0xaf4 ./Drivers/STM32L4xx_HAL_Driver/Src/stm32l4xx_hal.o
 .debug_line    0x0000000000007e0c      0xc9b ./Drivers/STM32L4xx_HAL_Driver/Src/stm32l4xx_hal_cortex.o
 .debug_line    0x0000000000008aa7      0xb6e ./Drivers/STM32L4xx_HAL_Driver/Src/stm32l4xx_hal_gpio.o
 .debug_line    0x0000000000009615     0x32c5 ./Drivers/STM32L4xx_HAL_Driver/Src/stm32l4xx_hal_i2c.o
 .debug_line    0x000000000000c8da      0x922 ./Drivers/STM32L4xx_HAL_Driver/Src/stm32l4xx_hal_i2c_ex.o
 .debug_line    0x000000000000d1fc      0xcb0 ./Drivers/STM32L4xx_HAL_Driver/Src/stm32l4xx_hal_pwr_ex.o
 .debug_line    0x000000000000deac      0xf38 ./Drivers/STM32L4xx_HAL_Driver/Src/stm32l4xx_hal_rcc.o
 .debug_line    0x000000000000ede4     0x14ad ./Drivers/STM32L4xx_HAL_Driver/Src/stm32l4xx_hal_rcc_ex.o
 .debug_line    0x0000000000010291     0x1f1d ./Drivers/STM32L4xx_HAL_Driver/Src/stm32l4xx_hal_spi.o
 .debug_line    0x00000000000121ae     0x1d85 ./Drivers/STM32L4xx_HAL_Driver/Src/stm32l4xx_hal_uart.o

.debug_str      0x0000000000000000    0xedf81
 .debug_str     0x0000000000000000    0xe4299 ./Core/Src/BH1750.o
                                      0xe460b (size before relaxing)
 .debug_str     0x00000000000e4299      0x23a ./Core/Src/DHT11.o
                                      0xe41bb (size before relaxing)
 .debug_str     0x00000000000e44d3      0x57b ./Core/Src/NRF24L01.o
                                      0xe4701 (size before relaxing)
 .debug_str     0x00000000000e4a4e     0x3ee6 ./Core/Src/bmpxx80.o
                                      0xe83bd (size before relaxing)
 .debug_str     0x00000000000e8934       0x54 ./Core/Src/dwt_stm32_delay.o
                                      0xe4055 (size before relaxing)
 .debug_str     0x00000000000e8988      0x14d ./Core/Src/gpio.o
                                      0xe4156 (size before relaxing)
 .debug_str     0x00000000000e8ad5      0x2a5 ./Core/Src/i2c.o
                                      0xe4874 (size before relaxing)
 .debug_str     0x00000000000e8d7a     0x12fd ./Core/Src/main.o
                                      0xe93c5 (size before relaxing)
 .debug_str     0x00000000000ea077       0x4b ./Core/Src/spi.o
                                      0xe451c (size before relaxing)
 .debug_str     0x00000000000ea0c2       0x2c ./Core/Src/stm32l4xx_hal_msp.o
                                      0xe40b4 (size before relaxing)
 .debug_str     0x00000000000ea0ee       0xbd ./Core/Src/stm32l4xx_it.o
                                      0xe3ff5 (size before relaxing)
 .debug_str     0x00000000000ea1ab      0x4e9 ./Core/Src/sysmem.o
                                       0x629d (size before relaxing)
 .debug_str     0x00000000000ea694       0xb8 ./Core/Src/system_stm32l4xx.o
                                      0xe406d (size before relaxing)
 .debug_str     0x00000000000ea74c       0x65 ./Core/Src/usart.o
                                      0xe47ec (size before relaxing)
 .debug_str     0x00000000000ea7b1       0x36 ./Core/Startup/startup_stm32l476vgtx.o
                                         0x6e (size before relaxing)
 .debug_str     0x00000000000ea7e7      0x9de ./Drivers/STM32L4xx_HAL_Driver/Src/stm32l4xx_hal.o
                                      0xe4b6c (size before relaxing)
 .debug_str     0x00000000000eb1c5      0x389 ./Drivers/STM32L4xx_HAL_Driver/Src/stm32l4xx_hal_cortex.o
                                      0xe48dc (size before relaxing)
 .debug_str     0x00000000000eb54e      0x227 ./Drivers/STM32L4xx_HAL_Driver/Src/stm32l4xx_hal_gpio.o
                                      0xe4307 (size before relaxing)
 .debug_str     0x00000000000eb775      0xd49 ./Drivers/STM32L4xx_HAL_Driver/Src/stm32l4xx_hal_i2c.o
                                      0xe5199 (size before relaxing)
 .debug_str     0x00000000000ec4be       0xb8 ./Drivers/STM32L4xx_HAL_Driver/Src/stm32l4xx_hal_i2c_ex.o
                                      0xe4591 (size before relaxing)
 .debug_str     0x00000000000ec576      0x4b4 ./Drivers/STM32L4xx_HAL_Driver/Src/stm32l4xx_hal_pwr_ex.o
                                      0xe45a3 (size before relaxing)
 .debug_str     0x00000000000eca2a      0x3aa ./Drivers/STM32L4xx_HAL_Driver/Src/stm32l4xx_hal_rcc.o
                                      0xe464a (size before relaxing)
 .debug_str     0x00000000000ecdd4      0x3a6 ./Drivers/STM32L4xx_HAL_Driver/Src/stm32l4xx_hal_rcc_ex.o
                                      0xe47db (size before relaxing)
 .debug_str     0x00000000000ed17a      0x576 ./Drivers/STM32L4xx_HAL_Driver/Src/stm32l4xx_hal_spi.o
                                      0xe483b (size before relaxing)
 .debug_str     0x00000000000ed6f0      0x891 ./Drivers/STM32L4xx_HAL_Driver/Src/stm32l4xx_hal_uart.o
                                      0xe4ccc (size before relaxing)

.comment        0x0000000000000000       0x53
 .comment       0x0000000000000000       0x53 ./Core/Src/BH1750.o
                                         0x54 (size before relaxing)
 .comment       0x0000000000000053       0x54 ./Core/Src/DHT11.o
 .comment       0x0000000000000053       0x54 ./Core/Src/NRF24L01.o
 .comment       0x0000000000000053       0x54 ./Core/Src/bmpxx80.o
 .comment       0x0000000000000053       0x54 ./Core/Src/dwt_stm32_delay.o
 .comment       0x0000000000000053       0x54 ./Core/Src/gpio.o
 .comment       0x0000000000000053       0x54 ./Core/Src/i2c.o
 .comment       0x0000000000000053       0x54 ./Core/Src/main.o
 .comment       0x0000000000000053       0x54 ./Core/Src/spi.o
 .comment       0x0000000000000053       0x54 ./Core/Src/stm32l4xx_hal_msp.o
 .comment       0x0000000000000053       0x54 ./Core/Src/stm32l4xx_it.o
 .comment       0x0000000000000053       0x54 ./Core/Src/sysmem.o
 .comment       0x0000000000000053       0x54 ./Core/Src/system_stm32l4xx.o
 .comment       0x0000000000000053       0x54 ./Core/Src/usart.o
 .comment       0x0000000000000053       0x54 ./Drivers/STM32L4xx_HAL_Driver/Src/stm32l4xx_hal.o
 .comment       0x0000000000000053       0x54 ./Drivers/STM32L4xx_HAL_Driver/Src/stm32l4xx_hal_cortex.o
 .comment       0x0000000000000053       0x54 ./Drivers/STM32L4xx_HAL_Driver/Src/stm32l4xx_hal_gpio.o
 .comment       0x0000000000000053       0x54 ./Drivers/STM32L4xx_HAL_Driver/Src/stm32l4xx_hal_i2c.o
 .comment       0x0000000000000053       0x54 ./Drivers/STM32L4xx_HAL_Driver/Src/stm32l4xx_hal_i2c_ex.o
 .comment       0x0000000000000053       0x54 ./Drivers/STM32L4xx_HAL_Driver/Src/stm32l4xx_hal_pwr_ex.o
 .comment       0x0000000000000053       0x54 ./Drivers/STM32L4xx_HAL_Driver/Src/stm32l4xx_hal_rcc.o
 .comment       0x0000000000000053       0x54 ./Drivers/STM32L4xx_HAL_Driver/Src/stm32l4xx_hal_rcc_ex.o
 .comment       0x0000000000000053       0x54 ./Drivers/STM32L4xx_HAL_Driver/Src/stm32l4xx_hal_spi.o
 .comment       0x0000000000000053       0x54 ./Drivers/STM32L4xx_HAL_Driver/Src/stm32l4xx_hal_uart.o

.debug_frame    0x0000000000000000     0x4440
 .debug_frame   0x0000000000000000      0x10c ./Core/Src/BH1750.o
 .debug_frame   0x000000000000010c      0x104 ./Core/Src/DHT11.o
 .debug_frame   0x0000000000000210      0x250 ./Core/Src/NRF24L01.o