nrf24plus.c:33:13:nRF24_Delay	16	static
nrf24plus.c:38:13:nRF24_SendSpi	16	static
nrf24plus.c:43:13:nRF24_ReadSpi	16	static
nrf24plus.c:52:16:nRF24_ReadRegister	24	static
nrf24plus.c:66:13:nRF24_ReadRegisters	16	static
nrf24plus.c:78:13:nRF24_WriteRegister	24	static
nrf24plus.c:92:13:nRF24_WriteRegisters	16	static
nrf24plus.c:104:6:nRF24_RX_Mode	16	static
nrf24plus.c:125:6:nRF24_TX_Mode	16	static
nrf24plus.c:147:9:nRF24_ReadConfig	8	static
nrf24plus.c:152:6:nRF24_WriteConfig	16	static
nrf24plus.c:157:6:nRF24_SetPALevel	24	static
nrf24plus.c:165:6:nRF24_SetDataRate	24	static
nrf24plus.c:176:9:nRF24_ReadStatus	8	static
nrf24plus.c:181:6:nRF24_WriteStatus	16	static
nrf24plus.c:186:6:nRF24_FlushRX	16	static
nrf24plus.c:195:6:nRF24_FlushTX	16	static
nrf24plus.c:204:6:nRF24_EnableCRC	24	static
nrf24plus.c:215:6:nRF24_SetCRCLength	24	static
nrf24plus.c:225:6:nRF24_SetRetries	16	static
nrf24plus.c:231:6:nRF24_SetRFChannel	16	static
nrf24plus.c:236:6:nRF24_SetPayloadSize	16	static
nrf24plus.c:243:6:nRF24_EnablePipe	24	static
nrf24plus.c:255:6:nRF24_AutoACK	24	static
nrf24plus.c:267:6:nRF24_SetAddressWidth	16	static
nrf24plus.c:276:6:nRF24_SetRXAddress	24	static
nrf24plus.c:293:6:nRF24_SetTXAddress	24	static
nrf24plus.c:312:6:nRF24_ClearInterrupts	16	static
nrf24plus.c:319:6:nRF24_EnableRXDataReadyIRQ	24	static
nrf24plus.c:331:6:nRF24_EnableTXDataSentIRQ	24	static
nrf24plus.c:343:6:nRF24_EnableMaxRetransmitIRQ	24	static
nrf24plus.c:355:6:nRF24_WriteTXPayload	16	static
nrf24plus.c:360:6:nRF24_WaitTX	16	static
nrf24plus.c:377:6:nRF24_ReadRXPaylaod	16	static
nrf24plus.c:385:6:nRF24_SendPacket	16	static
nrf24plus.c:390:6:nRF24_ReceivePacket	16	static
nrf24plus.c:395:9:nRF24_RXAvailible	16	static
nrf24plus.c:410:6:nRF24_IRQ_Handler	16	static
nrf24plus.c:437:6:nRF24_Init	16	static
